Archive member included to satisfy reference by file (symbol)

/opt/homebrew/Cellar/arm-none-eabi-gcc/10.3-2021.07/gcc/bin/../lib/gcc/arm-none-eabi/10.3.1/thumb/v6-m/nofp/libgcc.a(_udivsi3.o)
                              gfx_mono/display/display_mono.o (__aeabi_uidiv)
/opt/homebrew/Cellar/arm-none-eabi-gcc/10.3-2021.07/gcc/bin/../lib/gcc/arm-none-eabi/10.3.1/thumb/v6-m/nofp/libgcc.a(_divsi3.o)
                              hpl/core/hpl_core_m0plus_base.o (__aeabi_idiv)
/opt/homebrew/Cellar/arm-none-eabi-gcc/10.3-2021.07/gcc/bin/../lib/gcc/arm-none-eabi/10.3.1/thumb/v6-m/nofp/libgcc.a(_dvmd_tls.o)
                              /opt/homebrew/Cellar/arm-none-eabi-gcc/10.3-2021.07/gcc/bin/../lib/gcc/arm-none-eabi/10.3.1/thumb/v6-m/nofp/libgcc.a(_udivsi3.o) (__aeabi_idiv0)
/opt/homebrew/Cellar/arm-none-eabi-gcc/10.3-2021.07/gcc/bin/../lib/gcc/arm-none-eabi/10.3.1/thumb/v6-m/nofp/libgcc.a(_aeabi_ldivmod.o)
                              hpl/sercom/hpl_sercom.o (__aeabi_ldivmod)
/opt/homebrew/Cellar/arm-none-eabi-gcc/10.3-2021.07/gcc/bin/../lib/gcc/arm-none-eabi/10.3.1/thumb/v6-m/nofp/libgcc.a(_aeabi_uldivmod.o)
                              hpl/sercom/hpl_sercom.o (__aeabi_uldivmod)
/opt/homebrew/Cellar/arm-none-eabi-gcc/10.3-2021.07/gcc/bin/../lib/gcc/arm-none-eabi/10.3.1/thumb/v6-m/nofp/libgcc.a(_muldi3.o)
                              hpl/sercom/hpl_sercom.o (__aeabi_lmul)
/opt/homebrew/Cellar/arm-none-eabi-gcc/10.3-2021.07/gcc/bin/../lib/gcc/arm-none-eabi/10.3.1/thumb/v6-m/nofp/libgcc.a(_fixunsdfsi.o)
                              hpl/sercom/hpl_sercom.o (__aeabi_d2uiz)
/opt/homebrew/Cellar/arm-none-eabi-gcc/10.3-2021.07/gcc/bin/../lib/gcc/arm-none-eabi/10.3.1/thumb/v6-m/nofp/libgcc.a(_udivmoddi4.o)
                              /opt/homebrew/Cellar/arm-none-eabi-gcc/10.3-2021.07/gcc/bin/../lib/gcc/arm-none-eabi/10.3.1/thumb/v6-m/nofp/libgcc.a(_aeabi_uldivmod.o) (__udivmoddi4)
/opt/homebrew/Cellar/arm-none-eabi-gcc/10.3-2021.07/gcc/bin/../lib/gcc/arm-none-eabi/10.3.1/thumb/v6-m/nofp/libgcc.a(bpabi.o)
                              /opt/homebrew/Cellar/arm-none-eabi-gcc/10.3-2021.07/gcc/bin/../lib/gcc/arm-none-eabi/10.3.1/thumb/v6-m/nofp/libgcc.a(_aeabi_ldivmod.o) (__gnu_ldivmod_helper)
/opt/homebrew/Cellar/arm-none-eabi-gcc/10.3-2021.07/gcc/bin/../lib/gcc/arm-none-eabi/10.3.1/thumb/v6-m/nofp/libgcc.a(divdf3.o)
                              hpl/sercom/hpl_sercom.o (__aeabi_ddiv)
/opt/homebrew/Cellar/arm-none-eabi-gcc/10.3-2021.07/gcc/bin/../lib/gcc/arm-none-eabi/10.3.1/thumb/v6-m/nofp/libgcc.a(muldf3.o)
                              hpl/sercom/hpl_sercom.o (__aeabi_dmul)
/opt/homebrew/Cellar/arm-none-eabi-gcc/10.3-2021.07/gcc/bin/../lib/gcc/arm-none-eabi/10.3.1/thumb/v6-m/nofp/libgcc.a(subdf3.o)
                              hpl/sercom/hpl_sercom.o (__aeabi_dsub)
/opt/homebrew/Cellar/arm-none-eabi-gcc/10.3-2021.07/gcc/bin/../lib/gcc/arm-none-eabi/10.3.1/thumb/v6-m/nofp/libgcc.a(fixdfsi.o)
                              /opt/homebrew/Cellar/arm-none-eabi-gcc/10.3-2021.07/gcc/bin/../lib/gcc/arm-none-eabi/10.3.1/thumb/v6-m/nofp/libgcc.a(_fixunsdfsi.o) (__aeabi_d2iz)
/opt/homebrew/Cellar/arm-none-eabi-gcc/10.3-2021.07/gcc/bin/../lib/gcc/arm-none-eabi/10.3.1/thumb/v6-m/nofp/libgcc.a(floatsidf.o)
                              hpl/sercom/hpl_sercom.o (__aeabi_i2d)
/opt/homebrew/Cellar/arm-none-eabi-gcc/10.3-2021.07/gcc/bin/../lib/gcc/arm-none-eabi/10.3.1/thumb/v6-m/nofp/libgcc.a(floatunsidf.o)
                              hpl/sercom/hpl_sercom.o (__aeabi_ui2d)
/opt/homebrew/Cellar/arm-none-eabi-gcc/10.3-2021.07/gcc/bin/../lib/gcc/arm-none-eabi/10.3.1/thumb/v6-m/nofp/libgcc.a(_arm_cmpdf2.o)
                              /opt/homebrew/Cellar/arm-none-eabi-gcc/10.3-2021.07/gcc/bin/../lib/gcc/arm-none-eabi/10.3.1/thumb/v6-m/nofp/libgcc.a(_fixunsdfsi.o) (__aeabi_dcmpge)
/opt/homebrew/Cellar/arm-none-eabi-gcc/10.3-2021.07/gcc/bin/../lib/gcc/arm-none-eabi/10.3.1/thumb/v6-m/nofp/libgcc.a(_clzsi2.o)
                              /opt/homebrew/Cellar/arm-none-eabi-gcc/10.3-2021.07/gcc/bin/../lib/gcc/arm-none-eabi/10.3.1/thumb/v6-m/nofp/libgcc.a(divdf3.o) (__clzsi2)
/opt/homebrew/Cellar/arm-none-eabi-gcc/10.3-2021.07/gcc/bin/../lib/gcc/arm-none-eabi/10.3.1/thumb/v6-m/nofp/libgcc.a(_clzdi2.o)
                              /opt/homebrew/Cellar/arm-none-eabi-gcc/10.3-2021.07/gcc/bin/../lib/gcc/arm-none-eabi/10.3.1/thumb/v6-m/nofp/libgcc.a(_udivmoddi4.o) (__clzdi2)
/opt/homebrew/Cellar/arm-none-eabi-gcc/10.3-2021.07/gcc/bin/../lib/gcc/arm-none-eabi/10.3.1/thumb/v6-m/nofp/libgcc.a(_divdi3.o)
                              /opt/homebrew/Cellar/arm-none-eabi-gcc/10.3-2021.07/gcc/bin/../lib/gcc/arm-none-eabi/10.3.1/thumb/v6-m/nofp/libgcc.a(bpabi.o) (__divdi3)
/opt/homebrew/Cellar/arm-none-eabi-gcc/10.3-2021.07/gcc/bin/../lib/gcc/arm-none-eabi/10.3.1/thumb/v6-m/nofp/libgcc.a(eqdf2.o)
[...]
Memory Configuration

Name             Origin             Length             Attributes
rom              0x0000000000000000 0x0000000000040000 xr
ram              0x0000000020000000 0x0000000000008000 xrw
*default*        0x0000000000000000 0xffffffffffffffff

Linker script and memory map

LOAD /opt/homebrew/Cellar/arm-none-eabi-gcc/10.3-2021.07/gcc/bin/../lib/gcc/arm-none-eabi/10.3.1/thumb/v6-m/nofp/crti.o
LOAD /opt/homebrew/Cellar/arm-none-eabi-gcc/10.3-2021.07/gcc/bin/../lib/gcc/arm-none-eabi/10.3.1/thumb/v6-m/nofp/crtbegin.o
LOAD /opt/homebrew/Cellar/arm-none-eabi-gcc/10.3-2021.07/gcc/bin/../lib/gcc/arm-none-eabi/10.3.1/../../../../arm-none-eabi/lib/thumb/v6-m/nofp/crt0.o
LOAD hal/src/hal_io.o
LOAD gfx_mono/display_controller/ssd1306/ssd1306_font.o
LOAD gfx_mono/display/ug2832hsweg04/ug2832hsweg04.o
LOAD gfx_mono/display/framebuffer.o
LOAD gfx_mono/display/display_mono.o
LOAD gcc/gcc/startup_samr21.o
LOAD hpl/sysctrl/hpl_sysctrl.o
LOAD hal/utils/src/utils_syscalls.o
LOAD hal/src/hal_spi_m_sync.o
LOAD gfx_mono/gfx_mono_text.o
LOAD gfx_mono/gfx_mono.o
LOAD hal/src/hal_delay.o
LOAD gfx_mono_main.o
LOAD hpl/core/hpl_init.o
LOAD hal/utils/src/utils_list.o
LOAD hpl/core/hpl_core_m0plus_base.o
LOAD hal/utils/src/utils_assert.o
LOAD hpl/dmac/hpl_dmac.o
LOAD hpl/pm/hpl_pm.o
LOAD hpl/gclk/hpl_gclk.o
LOAD gcc/system_samr21.o
LOAD hal/src/hal_init.o
LOAD main.o
LOAD gfx_mono/display_controller/ssd1306/ssd1306.o
LOAD examples/driver_examples.o
LOAD driver_init.o
LOAD hpl/sercom/hpl_sercom.o
LOAD gfx_mono/fonts/gfx_mono_font_basic_6x7.o
LOAD gfx_mono/display_controller/display_ctrl_mono.o
LOAD hal/src/hal_gpio.o
LOAD hal/utils/src/utils_event.o
LOAD hal/src/hal_sleep.o
LOAD atmel_start.o
LOAD hal/src/hal_atomic.o
START GROUP
LOAD /opt/homebrew/Cellar/arm-none-eabi-gcc/10.3-2021.07/gcc/bin/../lib/gcc/arm-none-eabi/10.3.1/../../../../arm-none-eabi/lib/thumb/v6-m/nofp/libm.a
END GROUP
START GROUP
LOAD /opt/homebrew/Cellar/arm-none-eabi-gcc/10.3-2021.07/gcc/bin/../lib/gcc/arm-none-eabi/10.3.1/thumb/v6-m/nofp/libgcc.a
LOAD /opt/homebrew/Cellar/arm-none-eabi-gcc/10.3-2021.07/gcc/bin/../lib/gcc/arm-none-eabi/10.3.1/../../../../arm-none-eabi/lib/thumb/v6-m/nofp/libc_nano.a
END GROUP
START GROUP
LOAD /opt/homebrew/Cellar/arm-none-eabi-gcc/10.3-2021.07/gcc/bin/../lib/gcc/arm-none-eabi/10.3.1/thumb/v6-m/nofp/libgcc.a
LOAD /opt/homebrew/Cellar/arm-none-eabi-gcc/10.3-2021.07/gcc/bin/../lib/gcc/arm-none-eabi/10.3.1/../../../../arm-none-eabi/lib/thumb/v6-m/nofp/libc_nano.a
END GROUP
LOAD /opt/homebrew/Cellar/arm-none-eabi-gcc/10.3-2021.07/gcc/bin/../lib/gcc/arm-none-eabi/10.3.1/thumb/v6-m/nofp/crtend.o
LOAD /opt/homebrew/Cellar/arm-none-eabi-gcc/10.3-2021.07/gcc/bin/../lib/gcc/arm-none-eabi/10.3.1/thumb/v6-m/nofp/crtn.o
                0x0000000000002000                STACK_SIZE = DEFINED (STACK_SIZE)?STACK_SIZE:DEFINED (__stack_size__)?__stack_size__:0x2000

.text           0x0000000000000000     0x1890
                0x0000000000000000                . = ALIGN (0x4)
                0x0000000000000000                _sfixed = .
 *(.vectors .vectors.*)
 .vectors       0x0000000000000000       0xb4 gcc/gcc/startup_samr21.o
                0x0000000000000000                exception_table
 *(.text .text.* .gnu.linkonce.t.*)
 .text          0x00000000000000b4       0x48 /opt/homebrew/Cellar/arm-none-eabi-gcc/10.3-2021.07/gcc/bin/../lib/gcc/arm-none-eabi/10.3.1/thumb/v6-m/nofp/crtbegin.o
 .text.ug2832hsweg04_put_page
                0x00000000000000fc       0x38 gfx_mono/display/ug2832hsweg04/ug2832hsweg04.o
                0x00000000000000fc                ug2832hsweg04_put_page
 .text.ug2832hsweg04_draw_pixel
                0x0000000000000134       0x18 gfx_mono/display/ug2832hsweg04/ug2832hsweg04.o
                0x0000000000000134                ug2832hsweg04_draw_pixel
 .text.ug2832hsweg04_put_byte
                0x000000000000014c       0x28 gfx_mono/display/ug2832hsweg04/ug2832hsweg04.o
                0x000000000000014c                ug2832hsweg04_put_byte
 .text.ug2832hsweg04_get_byte
                0x0000000000000174       0x10 gfx_mono/display/ug2832hsweg04/ug2832hsweg04.o
                0x0000000000000174                ug2832hsweg04_get_byte
 .text.ug2832hsweg04_mask_byte
                0x0000000000000184       0x14 gfx_mono/display/ug2832hsweg04/ug2832hsweg04.o
                0x0000000000000184                ug2832hsweg04_mask_byte
 .text.ug2832hsweg04_construct
                0x0000000000000198       0x6c gfx_mono/display/ug2832hsweg04/ug2832hsweg04.o
                0x0000000000000198                ug2832hsweg04_construct
 .text.framebuffer_put_page
                0x0000000000000204       0x20 gfx_mono/display/framebuffer.o
                0x0000000000000204                framebuffer_put_page
 .text.framebuffer_put_byte
                0x0000000000000224        0xe gfx_mono/display/framebuffer.o
                0x0000000000000224                framebuffer_put_byte
 .text.framebuffer_get_byte
                0x0000000000000232        0xc gfx_mono/display/framebuffer.o
                0x0000000000000232                framebuffer_get_byte
 *fill*         0x000000000000023e        0x2 
 .text.framebuffer_draw_pixel
                0x0000000000000240       0x18 gfx_mono/display/framebuffer.o
                0x0000000000000240                framebuffer_draw_pixel
 .text.framebuffer_mask_byte
                0x0000000000000258       0x14 gfx_mono/display/framebuffer.o
                0x0000000000000258                framebuffer_mask_byte
 .text.framebuffer_construct
                0x000000000000026c       0x20 gfx_mono/display/framebuffer.o
                0x000000000000026c                framebuffer_construct
 .text.display_mono_construct
                0x000000000000028c        0xc gfx_mono/display/display_mono.o
                0x000000000000028c                display_mono_construct
 .text.display_mono_put_byte
                0x0000000000000298       0x26 gfx_mono/display/display_mono.o
                0x0000000000000298                display_mono_put_byte
 .text.display_mono_mask_byte
                0x00000000000002be       0x42 gfx_mono/display/display_mono.o
                0x00000000000002be                display_mono_mask_byte
 .text.display_mono_draw_pixel
                0x0000000000000300       0x74 gfx_mono/display/display_mono.o
                0x0000000000000300                display_mono_draw_pixel
 .text.display_mono_put_page
                0x0000000000000374       0x38 gfx_mono/display/display_mono.o
                0x0000000000000374                display_mono_put_page
 .text.display_mono_init
                0x00000000000003ac       0x48 gfx_mono/display/display_mono.o
                0x00000000000003ac                display_mono_init
 .text.Dummy_Handler
                0x00000000000003f4        0x2 gcc/gcc/startup_samr21.o
                0x00000000000003f4                SYSCTRL_Handler
                0x00000000000003f4                HardFault_Handler
                0x00000000000003f4                AC_Handler
                0x00000000000003f4                SysTick_Handler
                0x00000000000003f4                PendSV_Handler
                0x00000000000003f4                NMI_Handler
                0x00000000000003f4                TC7_Handler
                0x00000000000003f4                SERCOM1_Handler
                0x00000000000003f4                ADC_Handler
                0x00000000000003f4                TCC1_Handler
                0x00000000000003f4                SERCOM2_Handler
                0x00000000000003f4                TCC0_Handler
                0x00000000000003f4                RTC_Handler
                0x00000000000003f4                EIC_Handler
                0x00000000000003f4                TC6_Handler
                0x00000000000003f4                WDT_Handler
                0x00000000000003f4                TC4_Handler
                0x00000000000003f4                USB_Handler
                0x00000000000003f4                TC3_Handler
                0x00000000000003f4                Dummy_Handler
                0x00000000000003f4                PM_Handler
                0x00000000000003f4                SERCOM5_Handler
                0x00000000000003f4                SVC_Handler
                0x00000000000003f4                TCC2_Handler
                0x00000000000003f4                EVSYS_Handler
                0x00000000000003f4                SERCOM3_Handler
                0x00000000000003f4                SERCOM4_Handler
                0x00000000000003f4                NVMCTRL_Handler
                0x00000000000003f4                SERCOM0_Handler
                0x00000000000003f4                DAC_Handler
                0x00000000000003f4                PTC_Handler
                0x00000000000003f4                TC5_Handler
                0x00000000000003f4                DMAC_Handler
 *fill*         0x00000000000003f6        0x2 
 .text.Reset_Handler
                0x00000000000003f8       0xd4 gcc/gcc/startup_samr21.o
                0x00000000000003f8                Reset_Handler
 .text._sysctrl_init_sources
                0x00000000000004cc       0x48 hpl/sysctrl/hpl_sysctrl.o
                0x00000000000004cc                _sysctrl_init_sources
 .text._sysctrl_init_referenced_generators
                0x0000000000000514       0x10 hpl/sysctrl/hpl_sysctrl.o
                0x0000000000000514                _sysctrl_init_referenced_generators
 .text.spi_m_sync_init
                0x0000000000000524       0x50 hal/src/hal_spi_m_sync.o
                0x0000000000000524                spi_m_sync_init
 .text.spi_m_sync_enable
                0x0000000000000574       0x28 hal/src/hal_spi_m_sync.o
                0x0000000000000574                spi_m_sync_enable
 .text.spi_m_sync_transfer
                0x000000000000059c       0x40 hal/src/hal_spi_m_sync.o
                0x000000000000059c                spi_m_sync_transfer
 .text._spi_m_sync_io_write
                0x00000000000005dc       0x38 hal/src/hal_spi_m_sync.o
 .text._spi_m_sync_io_read
                0x0000000000000614       0x38 hal/src/hal_spi_m_sync.o
 .text.gfx_mono_text_construct
                0x000000000000064c        0x4 gfx_mono/gfx_mono_text.o
                0x000000000000064c                gfx_mono_text_construct
 .text.gfx_mono_text_draw_char
                0x0000000000000650       0xd0 gfx_mono/gfx_mono_text.o
                0x0000000000000650                gfx_mono_text_draw_char
 .text.gfx_mono_text_draw_string
                0x0000000000000720       0x74 gfx_mono/gfx_mono_text.o
                0x0000000000000720                gfx_mono_text_draw_string
 .text.gfx_mono_construct
                0x0000000000000794        0x4 gfx_mono/gfx_mono.o
                0x0000000000000794                gfx_mono_construct
 .text.gfx_mono_draw_horizontal_line
                0x0000000000000798       0xec gfx_mono/gfx_mono.o
                0x0000000000000798                gfx_mono_draw_horizontal_line
 .text.gfx_mono_draw_vertical_line
                0x0000000000000884       0x9c gfx_mono/gfx_mono.o
                0x0000000000000884                gfx_mono_draw_vertical_line
 .text.gfx_mono_draw_rect
                0x0000000000000920       0x64 gfx_mono/gfx_mono.o
                0x0000000000000920                gfx_mono_draw_rect
 .text.gfx_mono_draw_filled_rect
                0x0000000000000984       0x44 gfx_mono/gfx_mono.o
                0x0000000000000984                gfx_mono_draw_filled_rect
 .text.delay_us
                0x00000000000009c8       0x20 hal/src/hal_delay.o
                0x00000000000009c8                delay_us
 .text.gfx_mono_init
                0x00000000000009e8       0x9c gfx_mono_main.o
                0x00000000000009e8                gfx_mono_init
 .text._init_chip
                0x0000000000000a84       0x34 hpl/core/hpl_init.o
                0x0000000000000a84                _init_chip
 .text._get_cycles_for_us
                0x0000000000000ab8       0x18 hpl/core/hpl_core_m0plus_base.o
                0x0000000000000ab8                _get_cycles_for_us
 .text._delay_cycles
                0x0000000000000ad0        0x6 hpl/core/hpl_core_m0plus_base.o
                0x0000000000000ad0                _delay_cycles
 .text.assert   0x0000000000000ad6        0x8 hal/utils/src/utils_assert.o
                0x0000000000000ad6                assert
 *fill*         0x0000000000000ade        0x2 
 .text._pm_init
                0x0000000000000ae0       0x20 hpl/pm/hpl_pm.o
                0x0000000000000ae0                _pm_init
 .text._gclk_init_generators_by_fref
                0x0000000000000b00       0x18 hpl/gclk/hpl_gclk.o
                0x0000000000000b00                _gclk_init_generators_by_fref
 .text.gpio_get_pin_level
                0x0000000000000b18       0x3c main.o
 .text.startup.main
                0x0000000000000b54      0x11c main.o
                0x0000000000000b54                main
 .text.ssd1306_read_data
                0x0000000000000c70        0x4 gfx_mono/display_controller/ssd1306/ssd1306.o
                0x0000000000000c70                ssd1306_read_data
 .text.ssd1306_write_data
                0x0000000000000c74       0x58 gfx_mono/display_controller/ssd1306/ssd1306.o
                0x0000000000000c74                ssd1306_write_data
 .text.ssd1306_write_command
                0x0000000000000ccc       0x58 gfx_mono/display_controller/ssd1306/ssd1306.o
                0x0000000000000ccc                ssd1306_write_command
 .text.ssd1306_set_page_address
                0x0000000000000d24       0x14 gfx_mono/display_controller/ssd1306/ssd1306.o
                0x0000000000000d24                ssd1306_set_page_address
 .text.ssd1306_set_column_address
                0x0000000000000d38       0x20 gfx_mono/display_controller/ssd1306/ssd1306.o
                0x0000000000000d38                ssd1306_set_column_address
 .text.ssd1306_set_start_line_address
                0x0000000000000d58       0x14 gfx_mono/display_controller/ssd1306/ssd1306.o
                0x0000000000000d58                ssd1306_set_start_line_address
 .text.ssd1306_hard_reset
                0x0000000000000d6c       0x10 gfx_mono/display_controller/ssd1306/ssd1306.o
                0x0000000000000d6c                ssd1306_hard_reset
 .text.ssd1306_disable_sleep
                0x0000000000000d7c       0x10 gfx_mono/display_controller/ssd1306/ssd1306.o
                0x0000000000000d7c                ssd1306_disable_sleep
 .text.ssd1306_set_contrast
                0x0000000000000d8c       0x1c gfx_mono/display_controller/ssd1306/ssd1306.o
                0x0000000000000d8c                ssd1306_set_contrast
 .text.ssd1306_construct
                0x0000000000000da8       0xbc gfx_mono/display_controller/ssd1306/ssd1306.o
                0x0000000000000da8                ssd1306_construct
 .text.gpio_set_pin_direction
                0x0000000000000e64       0x50 driver_init.o
 .text._gpio_set_pin_function
                0x0000000000000eb4       0x60 driver_init.o
 .text.DISPLAY_SPI_PORT_init
                0x0000000000000f14       0x60 driver_init.o
                0x0000000000000f14                DISPLAY_SPI_PORT_init
 .text.DISPLAY_SPI_CLOCK_init
                0x0000000000000f74       0x20 driver_init.o
                0x0000000000000f74                DISPLAY_SPI_CLOCK_init
 .text.DISPLAY_SPI_init
                0x0000000000000f94       0x28 driver_init.o
                0x0000000000000f94                DISPLAY_SPI_init
 .text.system_init
                0x0000000000000fbc       0xa8 driver_init.o
                0x0000000000000fbc                system_init
 .text.hri_sercomspi_clear_CTRLA_ENABLE_bit
                0x0000000000001064       0x12 hpl/sercom/hpl_sercom.o
 .text._spi_sync_enable
                0x0000000000001076       0x24 hpl/sercom/hpl_sercom.o
 *fill*         0x000000000000109a        0x2 
 .text._spi_m_sync_init
                0x000000000000109c      0x190 hpl/sercom/hpl_sercom.o
                0x000000000000109c                _spi_m_sync_init
 .text._spi_m_sync_enable
                0x000000000000122c       0x2c hpl/sercom/hpl_sercom.o
                0x000000000000122c                _spi_m_sync_enable
 .text._spi_m_sync_trans
                0x0000000000001258       0xe0 hpl/sercom/hpl_sercom.o
                0x0000000000001258                _spi_m_sync_trans
 .text.display_ctrl_mono_construct
                0x0000000000001338        0x6 gfx_mono/display_controller/display_ctrl_mono.o
                0x0000000000001338                display_ctrl_mono_construct
 *fill*         0x000000000000133e        0x2 
 .text.display_ctrl_mono_hard_reset
                0x0000000000001340       0x2c gfx_mono/display_controller/display_ctrl_mono.o
                0x0000000000001340                display_ctrl_mono_hard_reset
 .text.atmel_start_init
                0x000000000000136c       0x14 atmel_start.o
                0x000000000000136c                atmel_start_init
 .text.atomic_enter_critical
                0x0000000000001380        0xe hal/src/hal_atomic.o
                0x0000000000001380                atomic_enter_critical
 .text.atomic_leave_critical
                0x000000000000138e        0xc hal/src/hal_atomic.o
                0x000000000000138e                atomic_leave_critical
 *fill*         0x000000000000139a        0x2 
 .text          0x000000000000139c      0x114 /opt/homebrew/Cellar/arm-none-eabi-gcc/10.3-2021.07/gcc/bin/../lib/gcc/arm-none-eabi/10.3.1/thumb/v6-m/nofp/libgcc.a(_udivsi3.o)
                0x000000000000139c                __udivsi3
                0x000000000000139c                __aeabi_uidiv
                0x00000000000014a8                __aeabi_uidivmod
 .text          0x00000000000014b0        0x4 /opt/homebrew/Cellar/arm-none-eabi-gcc/10.3-2021.07/gcc/bin/../lib/gcc/arm-none-eabi/10.3.1/thumb/v6-m/nofp/libgcc.a(_dvmd_tls.o)
                0x00000000000014b0                __aeabi_ldiv0
                0x00000000000014b0                __aeabi_idiv0
 .text.__libc_init_array
                0x00000000000014b4       0x48 /opt/homebrew/Cellar/arm-none-eabi-gcc/10.3-2021.07/gcc/bin/../lib/gcc/arm-none-eabi/10.3.1/../../../../arm-none-eabi/lib/thumb/v6-m/nofp/libc_nano.a(lib_a-init.o)
                0x00000000000014b4                __libc_init_array
 .text.memcpy   0x00000000000014fc       0x12 /opt/homebrew/Cellar/arm-none-eabi-gcc/10.3-2021.07/gcc/bin/../lib/gcc/arm-none-eabi/10.3.1/../../../../arm-none-eabi/lib/thumb/v6-m/nofp/libc_nano.a(lib_a-memcpy-stub.o)
                0x00000000000014fc                memcpy
 .text.memset   0x000000000000150e       0x10 /opt/homebrew/Cellar/arm-none-eabi-gcc/10.3-2021.07/gcc/bin/../lib/gcc/arm-none-eabi/10.3.1/../../../../arm-none-eabi/lib/thumb/v6-m/nofp/libc_nano.a(lib_a-memset.o)
                0x000000000000150e                memset
 *(.glue_7t)
 .glue_7t       0x000000000000151e        0x0 linker stubs
 *(.glue_7)
 .glue_7        0x000000000000151e        0x0 linker stubs
 *(.rodata .rodata* .gnu.linkonce.r.*)
 .rodata.str1.1
                0x000000000000151e       0x1c hal/src/hal_spi_m_sync.o
 .rodata.str1.1
                0x000000000000153a       0x1c gfx_mono/gfx_mono_text.o
 .rodata.str1.1
                0x0000000000001556       0x40 main.o
 .rodata.str1.1
                0x0000000000001596       0x1b hpl/sercom/hpl_sercom.o
 *fill*         0x00000000000015b1        0x3 
 .rodata        0x00000000000015b4       0x29 hpl/sercom/hpl_sercom.o
 .rodata        0x00000000000015dd      0x292 gfx_mono/fonts/gfx_mono_font_basic_6x7.o
 *(.ARM.extab* .gnu.linkonce.armextab.*)
                0x0000000000001870                . = ALIGN (0x4)
 *fill*         0x000000000000186f        0x1 
 *(.init)
 .init          0x0000000000001870        0x4 /opt/homebrew/Cellar/arm-none-eabi-gcc/10.3-2021.07/gcc/bin/../lib/gcc/arm-none-eabi/10.3.1/thumb/v6-m/nofp/crti.o
                0x0000000000001870                _init
 .init          0x0000000000001874        0x8 /opt/homebrew/Cellar/arm-none-eabi-gcc/10.3-2021.07/gcc/bin/../lib/gcc/arm-none-eabi/10.3.1/thumb/v6-m/nofp/crtn.o
                0x000000000000187c                . = ALIGN (0x4)
                0x000000000000187c                __preinit_array_start = .
 *(.preinit_array)
                0x000000000000187c                __preinit_array_end = .
                0x000000000000187c                . = ALIGN (0x4)
                0x000000000000187c                __init_array_start = .
 *(SORT_BY_NAME(.init_array.*))
 *(.init_array)
 .init_array    0x000000000000187c        0x4 /opt/homebrew/Cellar/arm-none-eabi-gcc/10.3-2021.07/gcc/bin/../lib/gcc/arm-none-eabi/10.3.1/thumb/v6-m/nofp/crtbegin.o
                0x0000000000001880                __init_array_end = .
                0x0000000000001880                . = ALIGN (0x4)
 *crtbegin.o(.ctors)
 *(EXCLUDE_FILE(*crtend.o) .ctors)
 *(SORT_BY_NAME(.ctors.*))
 *crtend.o(.ctors)
                0x0000000000001880                . = ALIGN (0x4)
 *(.fini)
 .fini          0x0000000000001880        0x4 /opt/homebrew/Cellar/arm-none-eabi-gcc/10.3-2021.07/gcc/bin/../lib/gcc/arm-none-eabi/10.3.1/thumb/v6-m/nofp/crti.o
                0x0000000000001880                _fini
 .fini          0x0000000000001884        0x8 /opt/homebrew/Cellar/arm-none-eabi-gcc/10.3-2021.07/gcc/bin/../lib/gcc/arm-none-eabi/10.3.1/thumb/v6-m/nofp/crtn.o
                0x000000000000188c                . = ALIGN (0x4)
                0x000000000000188c                __fini_array_start = .
 *(.fini_array)
 .fini_array    0x000000000000188c        0x4 /opt/homebrew/Cellar/arm-none-eabi-gcc/10.3-2021.07/gcc/bin/../lib/gcc/arm-none-eabi/10.3.1/thumb/v6-m/nofp/crtbegin.o
 *(SORT_BY_NAME(.fini_array.*))
                0x0000000000001890                __fini_array_end = .
 *crtbegin.o(.dtors)
 *(EXCLUDE_FILE(*crtend.o) .dtors)
 *(SORT_BY_NAME(.dtors.*))
 *crtend.o(.dtors)
                0x0000000000001890                . = ALIGN (0x4)
                0x0000000000001890                _efixed = .
                [!provide]                        PROVIDE (__exidx_start = .)

.vfp11_veneer   0x0000000000001890        0x0
 .vfp11_veneer  0x0000000000001890        0x0 linker stubs

.v4_bx          0x0000000000001890        0x0
 .v4_bx         0x0000000000001890        0x0 linker stubs

.iplt           0x0000000000001890        0x0
 .iplt          0x0000000000001890        0x0 /opt/homebrew/Cellar/arm-none-eabi-gcc/10.3-2021.07/gcc/bin/../lib/gcc/arm-none-eabi/10.3.1/thumb/v6-m/nofp/crtbegin.o

.igot.plt       0x0000000000001890        0x0
 .igot.plt      0x0000000000001890        0x0 /opt/homebrew/Cellar/arm-none-eabi-gcc/10.3-2021.07/gcc/bin/../lib/gcc/arm-none-eabi/10.3.1/thumb/v6-m/nofp/crtbegin.o

.eh_frame       0x0000000000001890        0x0
 .eh_frame      0x0000000000001890        0x0 /opt/homebrew/Cellar/arm-none-eabi-gcc/10.3-2021.07/gcc/bin/../lib/gcc/arm-none-eabi/10.3.1/thumb/v6-m/nofp/crtbegin.o

.rel.dyn        0x0000000000001890        0x0
 .rel.iplt      0x0000000000001890        0x0 /opt/homebrew/Cellar/arm-none-eabi-gcc/10.3-2021.07/gcc/bin/../lib/gcc/arm-none-eabi/10.3.1/thumb/v6-m/nofp/crtbegin.o

.ARM.exidx
 *(.ARM.exidx* .gnu.linkonce.armexidx.*)
                [!provide]                        PROVIDE (__exidx_end = .)
                0x0000000000001890                . = ALIGN (0x4)
                0x0000000000001890                _etext = .

.relocate       0x0000000020000000       0x4c load address 0x0000000000001890
                0x0000000020000000                . = ALIGN (0x4)
                0x0000000020000000                _srelocate = .
 *(.ramfunc .ramfunc.*)
 *(.data .data.*)
 .data          0x0000000020000000       0x14 gfx_mono/display/ug2832hsweg04/ug2832hsweg04.o
 .data          0x0000000020000014       0x14 gfx_mono/display/framebuffer.o
 .data          0x0000000020000028       0x14 gfx_mono/display_controller/ssd1306/ssd1306.o
 .data          0x000000002000003c       0x10 gfx_mono/fonts/gfx_mono_font_basic_6x7.o
                0x000000002000003c                basic_6x7
                0x000000002000004c                . = ALIGN (0x4)
                0x000000002000004c                _erelocate = .

.bss            0x000000002000004c      0x268 load address 0x00000000000018dc
                0x000000002000004c                . = ALIGN (0x4)
                0x000000002000004c                _sbss = .
                0x000000002000004c                _szero = .
 *(.bss .bss.*)
 .bss           0x000000002000004c       0x1c /opt/homebrew/Cellar/arm-none-eabi-gcc/10.3-2021.07/gcc/bin/../lib/gcc/arm-none-eabi/10.3.1/thumb/v6-m/nofp/crtbegin.o
 .bss           0x0000000020000068        0x4 hal/src/hal_delay.o
 .bss           0x000000002000006c      0x230 gfx_mono_main.o
                0x0000000020000094                MONOCHROME_GRAPHICS_desc
                0x0000000020000098                MONOCHROME_TEXT_desc
 .bss           0x000000002000029c       0x18 driver_init.o
                0x000000002000029c                DISPLAY_SPI
 *(COMMON)
                0x00000000200002b4                . = ALIGN (0x4)
                0x00000000200002b4                _ebss = .
                0x00000000200002b4                _ezero = .

.stack          0x00000000200002b4     0x2004 load address 0x0000000000001b44
                0x00000000200002b8                . = ALIGN (0x8)
 *fill*         0x00000000200002b4        0x4 
                0x00000000200002b8                _sstack = .
                0x00000000200022b8                . = (. + STACK_SIZE)
 *fill*         0x00000000200002b8     0x2000 
                0x00000000200022b8                . = ALIGN (0x8)
                0x00000000200022b8                _estack = .
                0x00000000200022b8                . = ALIGN (0x4)
                0x00000000200022b8                _end = .
OUTPUT(AtmelStart.elf elf32-littlearm)
LOAD linker stubs

.ARM.attributes
                0x0000000000000000       0x28
 .ARM.attributes
                0x0000000000000000       0x1e /opt/homebrew/Cellar/arm-none-eabi-gcc/10.3-2021.07/gcc/bin/../lib/gcc/arm-none-eabi/10.3.1/thumb/v6-m/nofp/crti.o
 .ARM.attributes
                0x000000000000001e       0x2c /opt/homebrew/Cellar/arm-none-eabi-gcc/10.3-2021.07/gcc/bin/../lib/gcc/arm-none-eabi/10.3.1/thumb/v6-m/nofp/crtbegin.o
 .ARM.attributes
                0x000000000000004a       0x2c gfx_mono/display/ug2832hsweg04/ug2832hsweg04.o
 .ARM.attributes
                0x0000000000000076       0x2c gfx_mono/display/framebuffer.o
 .ARM.attributes
                0x00000000000000a2       0x2c gfx_mono/display/display_mono.o
 .ARM.attributes
                0x00000000000000ce       0x2c gcc/gcc/startup_samr21.o
 .ARM.attributes
                0x00000000000000fa       0x2c hpl/sysctrl/hpl_sysctrl.o
 .ARM.attributes
                0x0000000000000126       0x2c hal/src/hal_spi_m_sync.o
 .ARM.attributes
                0x0000000000000152       0x2c gfx_mono/gfx_mono_text.o
 .ARM.attributes
                0x000000000000017e       0x2c gfx_mono/gfx_mono.o
 .ARM.attributes
                0x00000000000001aa       0x2c hal/src/hal_delay.o
 .ARM.attributes
                0x00000000000001d6       0x2c gfx_mono_main.o
 .ARM.attributes
                0x0000000000000202       0x2c hpl/core/hpl_init.o
 .ARM.attributes
                0x000000000000022e       0x2c hpl/core/hpl_core_m0plus_base.o
 .ARM.attributes
                0x000000000000025a       0x2c hal/utils/src/utils_assert.o
 .ARM.attributes
                0x0000000000000286       0x2c hpl/pm/hpl_pm.o
 .ARM.attributes
                0x00000000000002b2       0x2c hpl/gclk/hpl_gclk.o
 .ARM.attributes
                0x00000000000002de       0x2c main.o
 .ARM.attributes
                0x000000000000030a       0x2c gfx_mono/display_controller/ssd1306/ssd1306.o
 .ARM.attributes
                0x0000000000000336       0x2c driver_init.o
 .ARM.attributes
                0x0000000000000362       0x2c hpl/sercom/hpl_sercom.o
 .ARM.attributes
                0x000000000000038e       0x32 gfx_mono/fonts/gfx_mono_font_basic_6x7.o
 .ARM.attributes
                0x00000000000003c0       0x2c gfx_mono/display_controller/display_ctrl_mono.o
 .ARM.attributes
                0x00000000000003ec       0x2c atmel_start.o
 .ARM.attributes
                0x0000000000000418       0x2c hal/src/hal_atomic.o
 .ARM.attributes
                0x0000000000000444       0x1e /opt/homebrew/Cellar/arm-none-eabi-gcc/10.3-2021.07/gcc/bin/../lib/gcc/arm-none-eabi/10.3.1/thumb/v6-m/nofp/libgcc.a(_udivsi3.o)
 .ARM.attributes
                0x0000000000000462       0x1e /opt/homebrew/Cellar/arm-none-eabi-gcc/10.3-2021.07/gcc/bin/../lib/gcc/arm-none-eabi/10.3.1/thumb/v6-m/nofp/libgcc.a(_dvmd_tls.o)
 .ARM.attributes
                0x0000000000000480       0x2c /opt/homebrew/Cellar/arm-none-eabi-gcc/10.3-2021.07/gcc/bin/../lib/gcc/arm-none-eabi/10.3.1/../../../../arm-none-eabi/lib/thumb/v6-m/nofp/libc_nano.a(lib_a-init.o)
 .ARM.attributes
                0x00000000000004ac       0x2c /opt/homebrew/Cellar/arm-none-eabi-gcc/10.3-2021.07/gcc/bin/../lib/gcc/arm-none-eabi/10.3.1/../../../../arm-none-eabi/lib/thumb/v6-m/nofp/libc_nano.a(lib_a-memcpy-stub.o)
 .ARM.attributes
                0x00000000000004d8       0x2c /opt/homebrew/Cellar/arm-none-eabi-gcc/10.3-2021.07/gcc/bin/../lib/gcc/arm-none-eabi/10.3.1/../../../../arm-none-eabi/lib/thumb/v6-m/nofp/libc_nano.a(lib_a-memset.o)
 .ARM.attributes
                0x0000000000000504       0x1e /opt/homebrew/Cellar/arm-none-eabi-gcc/10.3-2021.07/gcc/bin/../lib/gcc/arm-none-eabi/10.3.1/thumb/v6-m/nofp/crtn.o

.comment        0x0000000000000000       0x49
 .comment       0x0000000000000000       0x49 gfx_mono/display/ug2832hsweg04/ug2832hsweg04.o
                                         0x4a (size before relaxing)
 .comment       0x0000000000000049       0x4a gfx_mono/display/framebuffer.o
 .comment       0x0000000000000049       0x4a gfx_mono/display/display_mono.o
 .comment       0x0000000000000049       0x4a gcc/gcc/startup_samr21.o
 .comment       0x0000000000000049       0x4a hpl/sysctrl/hpl_sysctrl.o
 .comment       0x0000000000000049       0x4a hal/src/hal_spi_m_sync.o
 .comment       0x0000000000000049       0x4a gfx_mono/gfx_mono_text.o
 .comment       0x0000000000000049       0x4a gfx_mono/gfx_mono.o
 .comment       0x0000000000000049       0x4a hal/src/hal_delay.o
 .comment       0x0000000000000049       0x4a gfx_mono_main.o
 .comment       0x0000000000000049       0x4a hpl/core/hpl_init.o
 .comment       0x0000000000000049       0x4a hpl/core/hpl_core_m0plus_base.o
 .comment       0x0000000000000049       0x4a hal/utils/src/utils_assert.o
 .comment       0x0000000000000049       0x4a hpl/pm/hpl_pm.o
 .comment       0x0000000000000049       0x4a hpl/gclk/hpl_gclk.o
 .comment       0x0000000000000049       0x4a main.o
 .comment       0x0000000000000049       0x4a gfx_mono/display_controller/ssd1306/ssd1306.o
 .comment       0x0000000000000049       0x4a driver_init.o
 .comment       0x0000000000000049       0x4a hpl/sercom/hpl_sercom.o
 .comment       0x0000000000000049       0x4a gfx_mono/fonts/gfx_mono_font_basic_6x7.o
 .comment       0x0000000000000049       0x4a gfx_mono/display_controller/display_ctrl_mono.o
 .comment       0x0000000000000049       0x4a atmel_start.o
 .comment       0x0000000000000049       0x4a hal/src/hal_atomic.o

.debug_info     0x0000000000000000    0x23424
 .debug_info    0x0000000000000000      0xb23 gfx_mono/display/ug2832hsweg04/ug2832hsweg04.o
 .debug_info    0x0000000000000b23      0x8ce gfx_mono/display/framebuffer.o
 .debug_info    0x00000000000013f1      0xa53 gfx_mono/display/display_mono.o
 .debug_info    0x0000000000001e44     0x39a0 gcc/gcc/startup_samr21.o
 .debug_info    0x00000000000057e4     0x1453 hpl/sysctrl/hpl_sysctrl.o
 .debug_info    0x0000000000006c37      0xa04 hal/src/hal_spi_m_sync.o
 .debug_info    0x000000000000763b      0xc1b gfx_mono/gfx_mono_text.o
 .debug_info    0x0000000000008256     0x117f gfx_mono/gfx_mono.o
 .debug_info    0x00000000000093d5      0x1c5 hal/src/hal_delay.o
 .debug_info    0x000000000000959a     0x1447 gfx_mono_main.o
 .debug_info    0x000000000000a9e1      0x687 hpl/core/hpl_init.o
 .debug_info    0x000000000000b068      0x8c1 hpl/core/hpl_core_m0plus_base.o
 .debug_info    0x000000000000b929       0xd9 hal/utils/src/utils_assert.o
 .debug_info    0x000000000000ba02      0xc99 hpl/pm/hpl_pm.o
 .debug_info    0x000000000000c69b      0x4be hpl/gclk/hpl_gclk.o
 .debug_info    0x000000000000cb59     0x1176 main.o
 .debug_info    0x000000000000dccf     0x165f gfx_mono/display_controller/ssd1306/ssd1306.o
 .debug_info    0x000000000000f32e     0x8231 driver_init.o
 .debug_info    0x000000000001755f     0xaf27 hpl/sercom/hpl_sercom.o
 .debug_info    0x0000000000022486      0x165 gfx_mono/fonts/gfx_mono_font_basic_6x7.o
 .debug_info    0x00000000000225eb      0xbb1 gfx_mono/display_controller/display_ctrl_mono.o
 .debug_info    0x000000000002319c       0xb1 atmel_start.o
 .debug_info    0x000000000002324d      0x1d7 hal/src/hal_atomic.o

.debug_abbrev   0x0000000000000000     0x368a
 .debug_abbrev  0x0000000000000000      0x189 gfx_mono/display/ug2832hsweg04/ug2832hsweg04.o
 .debug_abbrev  0x0000000000000189      0x17a gfx_mono/display/framebuffer.o
 .debug_abbrev  0x0000000000000303      0x1ca gfx_mono/display/display_mono.o
 .debug_abbrev  0x00000000000004cd      0x2b7 gcc/gcc/startup_samr21.o
 .debug_abbrev  0x0000000000000784      0x238 hpl/sysctrl/hpl_sysctrl.o
 .debug_abbrev  0x00000000000009bc      0x1c6 hal/src/hal_spi_m_sync.o
 .debug_abbrev  0x0000000000000b82      0x2b7 gfx_mono/gfx_mono_text.o
 .debug_abbrev  0x0000000000000e39      0x2da gfx_mono/gfx_mono.o
 .debug_abbrev  0x0000000000001113       0xdc hal/src/hal_delay.o
 .debug_abbrev  0x00000000000011ef      0x31a gfx_mono_main.o
 .debug_abbrev  0x0000000000001509      0x1f1 hpl/core/hpl_init.o
 .debug_abbrev  0x00000000000016fa      0x2fd hpl/core/hpl_core_m0plus_base.o
 .debug_abbrev  0x00000000000019f7       0x6a hal/utils/src/utils_assert.o
 .debug_abbrev  0x0000000000001a61      0x270 hpl/pm/hpl_pm.o
 .debug_abbrev  0x0000000000001cd1      0x1d6 hpl/gclk/hpl_gclk.o
 .debug_abbrev  0x0000000000001ea7      0x3a3 main.o
 .debug_abbrev  0x000000000000224a      0x3a3 gfx_mono/display_controller/ssd1306/ssd1306.o
 .debug_abbrev  0x00000000000025ed      0x45b driver_init.o
 .debug_abbrev  0x0000000000002a48      0x688 hpl/sercom/hpl_sercom.o
 .debug_abbrev  0x00000000000030d0       0xeb gfx_mono/fonts/gfx_mono_font_basic_6x7.o
 .debug_abbrev  0x00000000000031bb      0x30f gfx_mono/display_controller/display_ctrl_mono.o
 .debug_abbrev  0x00000000000034ca       0x67 atmel_start.o
 .debug_abbrev  0x0000000000003531      0x159 hal/src/hal_atomic.o

.debug_loc      0x0000000000000000     0xc5a9
 .debug_loc     0x0000000000000000      0x6f6 gfx_mono/display/ug2832hsweg04/ug2832hsweg04.o
 .debug_loc     0x00000000000006f6      0x6f8 gfx_mono/display/framebuffer.o
 .debug_loc     0x0000000000000dee      0x997 gfx_mono/display/display_mono.o
 .debug_loc     0x0000000000001785      0x1bc hpl/sysctrl/hpl_sysctrl.o
 .debug_loc     0x0000000000001941      0x571 hal/src/hal_spi_m_sync.o
 .debug_loc     0x0000000000001eb2      0x868 gfx_mono/gfx_mono_text.o
 .debug_loc     0x000000000000271a     0x10c7 gfx_mono/gfx_mono.o
 .debug_loc     0x00000000000037e1       0x6f hal/src/hal_delay.o
 .debug_loc     0x0000000000003850      0x5f6 gfx_mono_main.o
 .debug_loc     0x0000000000003e46       0x30 hpl/core/hpl_init.o
 .debug_loc     0x0000000000003e76      0x268 hpl/core/hpl_core_m0plus_base.o
 .debug_loc     0x00000000000040de      0x129 hpl/pm/hpl_pm.o
 .debug_loc     0x0000000000004207       0xca hpl/gclk/hpl_gclk.o
 .debug_loc     0x00000000000042d1      0x161 main.o
 .debug_loc     0x0000000000004432      0xa34 gfx_mono/display_controller/ssd1306/ssd1306.o
 .debug_loc     0x0000000000004e66      0xf34 driver_init.o
 .debug_loc     0x0000000000005d9a     0x6610 hpl/sercom/hpl_sercom.o
 .debug_loc     0x000000000000c3aa      0x1d5 gfx_mono/display_controller/display_ctrl_mono.o
 .debug_loc     0x000000000000c57f       0x2a hal/src/hal_atomic.o

.debug_aranges  0x0000000000000000      0xa90
 .debug_aranges
                0x0000000000000000       0x58 gfx_mono/display/ug2832hsweg04/ug2832hsweg04.o
 .debug_aranges
                0x0000000000000058       0x58 gfx_mono/display/framebuffer.o
 .debug_aranges
                0x00000000000000b0       0x68 gfx_mono/display/display_mono.o
 .debug_aranges
                0x0000000000000118       0x28 gcc/gcc/startup_samr21.o
 .debug_aranges
                0x0000000000000140       0x28 hpl/sysctrl/hpl_sysctrl.o
 .debug_aranges
                0x0000000000000168       0x88 hal/src/hal_spi_m_sync.o
 .debug_aranges
                0x00000000000001f0       0x48 gfx_mono/gfx_mono_text.o
 .debug_aranges
                0x0000000000000238       0x60 gfx_mono/gfx_mono.o
 .debug_aranges
                0x0000000000000298       0x38 hal/src/hal_delay.o
 .debug_aranges
                0x00000000000002d0       0x20 gfx_mono_main.o
 .debug_aranges
                0x00000000000002f0       0x20 hpl/core/hpl_init.o
 .debug_aranges
                0x0000000000000310       0x80 hpl/core/hpl_core_m0plus_base.o
 .debug_aranges
                0x0000000000000390       0x20 hal/utils/src/utils_assert.o
 .debug_aranges
                0x00000000000003b0       0x30 hpl/pm/hpl_pm.o
 .debug_aranges
                0x00000000000003e0       0x28 hpl/gclk/hpl_gclk.o
 .debug_aranges
                0x0000000000000408       0x28 main.o
 .debug_aranges
                0x0000000000000430       0x90 gfx_mono/display_controller/ssd1306/ssd1306.o
 .debug_aranges
                0x00000000000004c0       0x48 driver_init.o
 .debug_aranges
                0x0000000000000508      0x4f8 hpl/sercom/hpl_sercom.o
 .debug_aranges
                0x0000000000000a00       0x18 gfx_mono/fonts/gfx_mono_font_basic_6x7.o
 .debug_aranges
                0x0000000000000a18       0x28 gfx_mono/display_controller/display_ctrl_mono.o
 .debug_aranges
                0x0000000000000a40       0x20 atmel_start.o
 .debug_aranges
                0x0000000000000a60       0x30 hal/src/hal_atomic.o

.debug_ranges   0x0000000000000000     0x2200
 .debug_ranges  0x0000000000000000       0x48 gfx_mono/display/ug2832hsweg04/ug2832hsweg04.o
 .debug_ranges  0x0000000000000048       0x48 gfx_mono/display/framebuffer.o
 .debug_ranges  0x0000000000000090       0x58 gfx_mono/display/display_mono.o
 .debug_ranges  0x00000000000000e8       0x18 gcc/gcc/startup_samr21.o
 .debug_ranges  0x0000000000000100       0x90 hpl/sysctrl/hpl_sysctrl.o
 .debug_ranges  0x0000000000000190       0x78 hal/src/hal_spi_m_sync.o
 .debug_ranges  0x0000000000000208       0x70 gfx_mono/gfx_mono_text.o
 .debug_ranges  0x0000000000000278       0x80 gfx_mono/gfx_mono.o
 .debug_ranges  0x00000000000002f8       0x28 hal/src/hal_delay.o
 .debug_ranges  0x0000000000000320      0x208 gfx_mono_main.o
 .debug_ranges  0x0000000000000528       0x30 hpl/core/hpl_init.o
 .debug_ranges  0x0000000000000558       0xa8 hpl/core/hpl_core_m0plus_base.o
 .debug_ranges  0x0000000000000600       0x10 hal/utils/src/utils_assert.o
 .debug_ranges  0x0000000000000610       0x50 hpl/pm/hpl_pm.o
 .debug_ranges  0x0000000000000660       0x30 hpl/gclk/hpl_gclk.o
 .debug_ranges  0x0000000000000690       0x80 main.o
 .debug_ranges  0x0000000000000710      0x248 gfx_mono/display_controller/ssd1306/ssd1306.o
 .debug_ranges  0x0000000000000958      0x488 driver_init.o
 .debug_ranges  0x0000000000000de0     0x1350 hpl/sercom/hpl_sercom.o
 .debug_ranges  0x0000000000002130       0xa0 gfx_mono/display_controller/display_ctrl_mono.o
 .debug_ranges  0x00000000000021d0       0x10 atmel_start.o
 .debug_ranges  0x00000000000021e0       0x20 hal/src/hal_atomic.o

.debug_macro    0x0000000000000000     0x7d4c
 .debug_macro   0x0000000000000000      0x477 gfx_mono/display/ug2832hsweg04/ug2832hsweg04.o
 .debug_macro   0x0000000000000477       0x16 gfx_mono/display/ug2832hsweg04/ug2832hsweg04.o
 .debug_macro   0x000000000000048d       0xd0 gfx_mono/display/ug2832hsweg04/ug2832hsweg04.o
 .debug_macro   0x000000000000055d       0x22 gfx_mono/display/ug2832hsweg04/ug2832hsweg04.o
 .debug_macro   0x000000000000057f      0x456 gfx_mono/display/framebuffer.o
 .debug_macro   0x00000000000009d5      0x44c gfx_mono/display/display_mono.o
 .debug_macro   0x0000000000000e21      0x306 gcc/gcc/startup_samr21.o
 .debug_macro   0x0000000000001127       0x40 gcc/gcc/startup_samr21.o
 .debug_macro   0x0000000000001167      0x44a hpl/sysctrl/hpl_sysctrl.o
 .debug_macro   0x00000000000015b1      0x2da hpl/sysctrl/hpl_sysctrl.o
 .debug_macro   0x000000000000188b      0x48a hal/src/hal_spi_m_sync.o
 .debug_macro   0x0000000000001d15       0xc9 hal/src/hal_spi_m_sync.o
 .debug_macro   0x0000000000001dde      0x487 gfx_mono/gfx_mono_text.o
 .debug_macro   0x0000000000002265       0x6a gfx_mono/gfx_mono_text.o
 .debug_macro   0x00000000000022cf      0x464 gfx_mono/gfx_mono.o
 .debug_macro   0x0000000000002733      0x466 hal/src/hal_delay.o
 .debug_macro   0x0000000000002b99      0x582 gfx_mono_main.o
 .debug_macro   0x000000000000311b       0x1c gfx_mono_main.o
 .debug_macro   0x0000000000003137       0x6a gfx_mono_main.o
 .debug_macro   0x00000000000031a1       0x70 gfx_mono_main.o
 .debug_macro   0x0000000000003211       0x28 gfx_mono_main.o
 .debug_macro   0x0000000000003239      0x4ae hpl/core/hpl_init.o
 .debug_macro   0x00000000000036e7       0x28 hpl/core/hpl_init.o
 .debug_macro   0x000000000000370f       0x2e hpl/core/hpl_init.o
 .debug_macro   0x000000000000373d      0x6ec hpl/core/hpl_init.o
 .debug_macro   0x0000000000003e29      0x48b hpl/core/hpl_core_m0plus_base.o
 .debug_macro   0x00000000000042b4      0x43d hal/utils/src/utils_assert.o
 .debug_macro   0x00000000000046f1       0x10 hal/utils/src/utils_assert.o
 .debug_macro   0x0000000000004701      0x473 hpl/pm/hpl_pm.o
 .debug_macro   0x0000000000004b74      0x44a hpl/gclk/hpl_gclk.o
 .debug_macro   0x0000000000004fbe      0x1f3 hpl/gclk/hpl_gclk.o
 .debug_macro   0x00000000000051b1      0x6eb main.o
 .debug_macro   0x000000000000589c       0x64 main.o
 .debug_macro   0x0000000000005900      0x479 gfx_mono/display_controller/ssd1306/ssd1306.o
 .debug_macro   0x0000000000005d79       0x22 gfx_mono/display_controller/ssd1306/ssd1306.o
 .debug_macro   0x0000000000005d9b      0x51d driver_init.o
 .debug_macro   0x00000000000062b8      0x67b hpl/sercom/hpl_sercom.o
 .debug_macro   0x0000000000006933       0x70 hpl/sercom/hpl_sercom.o
 .debug_macro   0x00000000000069a3       0x94 hpl/sercom/hpl_sercom.o
 .debug_macro   0x0000000000006a37       0x10 hpl/sercom/hpl_sercom.o
 .debug_macro   0x0000000000006a47       0x1c hpl/sercom/hpl_sercom.o
 .debug_macro   0x0000000000006a63       0x22 hpl/sercom/hpl_sercom.o
 .debug_macro   0x0000000000006a85       0x10 hpl/sercom/hpl_sercom.o
 .debug_macro   0x0000000000006a95      0x450 gfx_mono/fonts/gfx_mono_font_basic_6x7.o
 .debug_macro   0x0000000000006ee5       0x22 gfx_mono/fonts/gfx_mono_font_basic_6x7.o
 .debug_macro   0x0000000000006f07      0x48f gfx_mono/display_controller/display_ctrl_mono.o
 .debug_macro   0x0000000000007396      0x582 atmel_start.o
 .debug_macro   0x0000000000007918      0x434 hal/src/hal_atomic.o

.debug_line     0x0000000000000000    0x13a3b
 .debug_line    0x0000000000000000      0x9d4 gfx_mono/display/ug2832hsweg04/ug2832hsweg04.o
 .debug_line    0x00000000000009d4      0x9b0 gfx_mono/display/framebuffer.o
 .debug_line    0x0000000000001384      0xc27 gfx_mono/display/display_mono.o
 .debug_line    0x0000000000001fab      0x5f2 gcc/gcc/startup_samr21.o
 .debug_line    0x000000000000259d      0x977 hpl/sysctrl/hpl_sysctrl.o
 .debug_line    0x0000000000002f14      0xb93 hal/src/hal_spi_m_sync.o
 .debug_line    0x0000000000003aa7      0xbe2 gfx_mono/gfx_mono_text.o
 .debug_line    0x0000000000004689      0xfb4 gfx_mono/gfx_mono.o
 .debug_line    0x000000000000563d      0x848 hal/src/hal_delay.o
 .debug_line    0x0000000000005e85      0xca3 gfx_mono_main.o
 .debug_line    0x0000000000006b28      0x8c4 hpl/core/hpl_init.o
 .debug_line    0x00000000000073ec      0xaf8 hpl/core/hpl_core_m0plus_base.o
 .debug_line    0x0000000000007ee4      0x7b8 hal/utils/src/utils_assert.o
 .debug_line    0x000000000000869c      0x911 hpl/pm/hpl_pm.o
 .debug_line    0x0000000000008fad      0x87b hpl/gclk/hpl_gclk.o
 .debug_line    0x0000000000009828      0xcab main.o
 .debug_line    0x000000000000a4d3      0xd5d gfx_mono/display_controller/ssd1306/ssd1306.o
 .debug_line    0x000000000000b230     0x102c driver_init.o
 .debug_line    0x000000000000c25c     0x544e hpl/sercom/hpl_sercom.o
 .debug_line    0x00000000000116aa      0x7d5 gfx_mono/fonts/gfx_mono_font_basic_6x7.o
 .debug_line    0x0000000000011e7f      0x93c gfx_mono/display_controller/display_ctrl_mono.o
 .debug_line    0x00000000000127bb      0xa5c atmel_start.o
 .debug_line    0x0000000000013217      0x824 hal/src/hal_atomic.o

.debug_str      0x0000000000000000    0x79eef
 .debug_str     0x0000000000000000    0x6aad8 gfx_mono/display/ug2832hsweg04/ug2832hsweg04.o
                                      0x6afbc (size before relaxing)
 .debug_str     0x000000000006aad8       0x92 gfx_mono/display/framebuffer.o
                                      0x6a7d8 (size before relaxing)
 .debug_str     0x000000000006ab6a       0x84 gfx_mono/display/display_mono.o
                                      0x6a76d (size before relaxing)
 .debug_str     0x000000000006abee     0x10ba gcc/gcc/startup_samr21.o
                                      0x6a7d2 (size before relaxing)
 .debug_str     0x000000000006bca8     0x12c6 hpl/sysctrl/hpl_sysctrl.o
                                      0x6b7e7 (size before relaxing)
 .debug_str     0x000000000006cf6e      0x85c hal/src/hal_spi_m_sync.o
                                      0x6aea2 (size before relaxing)
 .debug_str     0x000000000006d7ca      0x49d gfx_mono/gfx_mono_text.o
                                      0x6affb (size before relaxing)
 .debug_str     0x000000000006dc67      0x1b9 gfx_mono/gfx_mono.o
                                      0x6af0e (size before relaxing)
 .debug_str     0x000000000006de20       0xf5 hal/src/hal_delay.o
                                      0x6a572 (size before relaxing)
 .debug_str     0x000000000006df15      0x72a gfx_mono_main.o
                                      0x6be57 (size before relaxing)
 .debug_str     0x000000000006e63f     0x18c8 hpl/core/hpl_init.o
                                      0x6c050 (size before relaxing)
 .debug_str     0x000000000006ff07      0x329 hpl/core/hpl_core_m0plus_base.o
                                      0x6af0a (size before relaxing)
 .debug_str     0x0000000000070230       0x2f hal/utils/src/utils_assert.o
                                      0x6a504 (size before relaxing)
 .debug_str     0x000000000007025f      0x3d4 hpl/pm/hpl_pm.o
                                      0x6abb2 (size before relaxing)
 .debug_str     0x0000000000070633      0x887 hpl/gclk/hpl_gclk.o
                                      0x6ade9 (size before relaxing)
 .debug_str     0x0000000000070eba     0x39f2 main.o
                                      0x6f6ec (size before relaxing)
 .debug_str     0x00000000000748ac      0x29c gfx_mono/display_controller/ssd1306/ssd1306.o
                                      0x6b158 (size before relaxing)
 .debug_str     0x0000000000074b48      0xa9e driver_init.o
                                      0x6cdf9 (size before relaxing)
 .debug_str     0x00000000000755e6     0x481f hpl/sercom/hpl_sercom.o
                                      0x6ffee (size before relaxing)
 .debug_str     0x0000000000079e05       0x3d gfx_mono/fonts/gfx_mono_font_basic_6x7.o
                                      0x6aa64 (size before relaxing)
 .debug_str     0x0000000000079e42       0x39 gfx_mono/display_controller/display_ctrl_mono.o
                                      0x6a9df (size before relaxing)
 .debug_str     0x0000000000079e7b       0x11 atmel_start.o
                                      0x6b7fb (size before relaxing)
 .debug_str     0x0000000000079e8c       0x63 hal/src/hal_atomic.o
                                      0x6a508 (size before relaxing)

.debug_frame    0x0000000000000000     0x1ce0
 .debug_frame   0x0000000000000000      0x100 gfx_mono/display/ug2832hsweg04/ug2832hsweg04.o
 .debug_frame   0x0000000000000100       0xe8 gfx_mono/display/framebuffer.o
 .debug_frame   0x00000000000001e8      0x140 gfx_mono/display/display_mono.o
 .debug_frame   0x0000000000000328       0x3c gcc/gcc/startup_samr21.o
 .debug_frame   0x0000000000000364       0x30 hpl/sysctrl/hpl_sysctrl.o
 .debug_frame   0x0000000000000394      0x190 hal/src/hal_spi_m_sync.o
 .debug_frame   0x0000000000000524       0xc8 gfx_mono/gfx_mono_text.o
 .debug_frame   0x00000000000005ec      0x120 gfx_mono/gfx_mono.o
 .debug_frame   0x000000000000070c       0x68 hal/src/hal_delay.o
 .debug_frame   0x0000000000000774       0x30 gfx_mono_main.o
 .debug_frame   0x00000000000007a4       0x28 hpl/core/hpl_init.o
 .debug_frame   0x00000000000007cc       0xfc hpl/core/hpl_core_m0plus_base.o
 .debug_frame   0x00000000000008c8       0x20 hal/utils/src/utils_assert.o
 .debug_frame   0x00000000000008e8       0x40 hpl/pm/hpl_pm.o
 .debug_frame   0x0000000000000928       0x30 hpl/gclk/hpl_gclk.o
 .debug_frame   0x0000000000000958       0x50 main.o
 .debug_frame   0x00000000000009a8      0x1d8 gfx_mono/display_controller/ssd1306/ssd1306.o
 .debug_frame   0x0000000000000b80       0xac driver_init.o
 .debug_frame   0x0000000000000c2c      0xf78 hpl/sercom/hpl_sercom.o
 .debug_frame   0x0000000000001ba4       0x40 gfx_mono/display_controller/display_ctrl_mono.o
 .debug_frame   0x0000000000001be4       0x28 atmel_start.o
 .debug_frame   0x0000000000001c0c       0x40 hal/src/hal_atomic.o
 .debug_frame   0x0000000000001c4c       0x20 /opt/homebrew/Cellar/arm-none-eabi-gcc/10.3-2021.07/gcc/bin/../lib/gcc/arm-none-eabi/10.3.1/thumb/v6-m/nofp/libgcc.a(_udivsi3.o)
 .debug_frame   0x0000000000001c6c       0x2c /opt/homebrew/Cellar/arm-none-eabi-gcc/10.3-2021.07/gcc/bin/../lib/gcc/arm-none-eabi/10.3.1/../../../../arm-none-eabi/lib/thumb/v6-m/nofp/libc_nano.a(lib_a-init.o)
 .debug_frame   0x0000000000001c98       0x28 /opt/homebrew/Cellar/arm-none-eabi-gcc/10.3-2021.07/gcc/bin/../lib/gcc/arm-none-eabi/10.3.1/../../../../arm-none-eabi/lib/thumb/v6-m/nofp/libc_nano.a(lib_a-memcpy-stub.o)
 .debug_frame   0x0000000000001cc0       0x20 /opt/homebrew/Cellar/arm-none-eabi-gcc/10.3-2021.07/gcc/bin/../lib/gcc/arm-none-eabi/10.3.1/../../../../arm-none-eabi/lib/thumb/v6-m/nofp/libc_nano.a(lib_a-memset.o)
