Archive member included to satisfy reference by file (symbol)

/opt/gcc-arm-none-eabi-9-2020-q2-update/bin/../lib/gcc/arm-none-eabi/9.3.1/thumb/v6-m/nofp/libgcc.a(_udivsi3.o)
                              gfx_mono/display/display_mono.o (__aeabi_uidiv)
/opt/gcc-arm-none-eabi-9-2020-q2-update/bin/../lib/gcc/arm-none-eabi/9.3.1/thumb/v6-m/nofp/libgcc.a(_divsi3.o)
                              hpl/core/hpl_core_m0plus_base.o (__aeabi_idiv)
/opt/gcc-arm-none-eabi-9-2020-q2-update/bin/../lib/gcc/arm-none-eabi/9.3.1/thumb/v6-m/nofp/libgcc.a(_dvmd_tls.o)
                              /opt/gcc-arm-none-eabi-9-2020-q2-update/bin/../lib/gcc/arm-none-eabi/9.3.1/thumb/v6-m/nofp/libgcc.a(_udivsi3.o) (__aeabi_idiv0)
/opt/gcc-arm-none-eabi-9-2020-q2-update/bin/../lib/gcc/arm-none-eabi/9.3.1/thumb/v6-m/nofp/libgcc.a(_aeabi_ldivmod.o)
                              hpl/sercom/hpl_sercom.o (__aeabi_ldivmod)
/opt/gcc-arm-none-eabi-9-2020-q2-update/bin/../lib/gcc/arm-none-eabi/9.3.1/thumb/v6-m/nofp/libgcc.a(_aeabi_uldivmod.o)
                              hpl/sercom/hpl_sercom.o (__aeabi_uldivmod)
/opt/gcc-arm-none-eabi-9-2020-q2-update/bin/../lib/gcc/arm-none-eabi/9.3.1/thumb/v6-m/nofp/libgcc.a(_muldi3.o)
                              hpl/sercom/hpl_sercom.o (__aeabi_lmul)
/opt/gcc-arm-none-eabi-9-2020-q2-update/bin/../lib/gcc/arm-none-eabi/9.3.1/thumb/v6-m/nofp/libgcc.a(_fixunsdfsi.o)
                              hpl/sercom/hpl_sercom.o (__aeabi_d2uiz)
/opt/gcc-arm-none-eabi-9-2020-q2-update/bin/../lib/gcc/arm-none-eabi/9.3.1/thumb/v6-m/nofp/libgcc.a(_udivmoddi4.o)
                              /opt/gcc-arm-none-eabi-9-2020-q2-update/bin/../lib/gcc/arm-none-eabi/9.3.1/thumb/v6-m/nofp/libgcc.a(_aeabi_uldivmod.o) (__udivmoddi4)
/opt/gcc-arm-none-eabi-9-2020-q2-update/bin/../lib/gcc/arm-none-eabi/9.3.1/thumb/v6-m/nofp/libgcc.a(bpabi.o)
                              /opt/gcc-arm-none-eabi-9-2020-q2-update/bin/../lib/gcc/arm-none-eabi/9.3.1/thumb/v6-m/nofp/libgcc.a(_aeabi_ldivmod.o) (__gnu_ldivmod_helper)
/opt/gcc-arm-none-eabi-9-2020-q2-update/bin/../lib/gcc/arm-none-eabi/9.3.1/thumb/v6-m/nofp/libgcc.a(divdf3.o)
                              hpl/sercom/hpl_sercom.o (__aeabi_ddiv)
/opt/gcc-arm-none-eabi-9-2020-q2-update/bin/../lib/gcc/arm-none-eabi/9.3.1/thumb/v6-m/nofp/libgcc.a(muldf3.o)
                              hpl/sercom/hpl_sercom.o (__aeabi_dmul)
/opt/gcc-arm-none-eabi-9-2020-q2-update/bin/../lib/gcc/arm-none-eabi/9.3.1/thumb/v6-m/nofp/libgcc.a(subdf3.o)
                              hpl/sercom/hpl_sercom.o (__aeabi_dsub)
/opt/gcc-arm-none-eabi-9-2020-q2-update/bin/../lib/gcc/arm-none-eabi/9.3.1/thumb/v6-m/nofp/libgcc.a(fixdfsi.o)
                              /opt/gcc-arm-none-eabi-9-2020-q2-update/bin/../lib/gcc/arm-none-eabi/9.3.1/thumb/v6-m/nofp/libgcc.a(_fixunsdfsi.o) (__aeabi_d2iz)
/opt/gcc-arm-none-eabi-9-2020-q2-update/bin/../lib/gcc/arm-none-eabi/9.3.1/thumb/v6-m/nofp/libgcc.a(floatsidf.o)
                              hpl/sercom/hpl_sercom.o (__aeabi_i2d)
/opt/gcc-arm-none-eabi-9-2020-q2-update/bin/../lib/gcc/arm-none-eabi/9.3.1/thumb/v6-m/nofp/libgcc.a(floatunsidf.o)
                              hpl/sercom/hpl_sercom.o (__aeabi_ui2d)
/opt/gcc-arm-none-eabi-9-2020-q2-update/bin/../lib/gcc/arm-none-eabi/9.3.1/thumb/v6-m/nofp/libgcc.a(_arm_cmpdf2.o)
                              /opt/gcc-arm-none-eabi-9-2020-q2-update/bin/../lib/gcc/arm-none-eabi/9.3.1/thumb/v6-m/nofp/libgcc.a(_fixunsdfsi.o) (__aeabi_dcmpge)
/opt/gcc-arm-none-eabi-9-2020-q2-update/bin/../lib/gcc/arm-none-eabi/9.3.1/thumb/v6-m/nofp/libgcc.a(_clzsi2.o)
                              /opt/gcc-arm-none-eabi-9-2020-q2-update/bin/../lib/gcc/arm-none-eabi/9.3.1/thumb/v6-m/nofp/libgcc.a(divdf3.o) (__clzsi2)
/opt/gcc-arm-none-eabi-9-2020-q2-update/bin/../lib/gcc/arm-none-eabi/9.3.1/thumb/v6-m/nofp/libgcc.a(_clzdi2.o)
                              /opt/gcc-arm-none-eabi-9-2020-q2-update/bin/../lib/gcc/arm-none-eabi/9.3.1/thumb/v6-m/nofp/libgcc.a(_udivmoddi4.o) (__clzdi2)
/opt/gcc-arm-none-eabi-9-2020-q2-update/bin/../lib/gcc/arm-none-eabi/9.3.1/thumb/v6-m/nofp/libgcc.a(_divdi3.o)
                              /opt/gcc-arm-none-eabi-9-2020-q2-update/bin/../lib/gcc/arm-none-eabi/9.3.1/thumb/v6-m/nofp/libgcc.a(bpabi.o) (__divdi3)
/opt/gcc-arm-none-eabi-9-2020-q2-update/bin/../lib/gcc/arm-none-eabi/9.3.1/thumb/v6-m/nofp/libgcc.a(eqdf2.o)
                              /opt/gcc-arm-none-eabi-9-2020-q2-update/bin/../lib/gcc/arm-none-eabi/9.3.1/thumb/v6-m/nofp/libgcc.a(_arm_cmpdf2.o) (__eqdf2)
/opt/gcc-arm-none-eabi-9-2020-q2-update/bin/../lib/gcc/arm-none-eabi/9.3.1/thumb/v6-m/nofp/libgcc.a(gedf2.o)
                              /opt/gcc-arm-none-eabi-9-2020-q2-update/bin/../lib/gcc/arm-none-eabi/9.3.1/thumb/v6-m/nofp/libgcc.a(_arm_cmpdf2.o) (__gedf2)
/opt/gcc-arm-none-eabi-9-2020-q2-update/bin/../lib/gcc/arm-none-eabi/9.3.1/thumb/v6-m/nofp/libgcc.a(ledf2.o)
[...]
Memory Configuration

Name             Origin             Length             Attributes
rom              0x0000000000000000 0x0000000000040000 xr
ram              0x0000000020000000 0x0000000000008000 xrw
*default*        0x0000000000000000 0xffffffffffffffff

Linker script and memory map

LOAD /opt/gcc-arm-none-eabi-9-2020-q2-update/bin/../lib/gcc/arm-none-eabi/9.3.1/thumb/v6-m/nofp/crti.o
LOAD /opt/gcc-arm-none-eabi-9-2020-q2-update/bin/../lib/gcc/arm-none-eabi/9.3.1/thumb/v6-m/nofp/crtbegin.o
LOAD /opt/gcc-arm-none-eabi-9-2020-q2-update/bin/../lib/gcc/arm-none-eabi/9.3.1/../../../../arm-none-eabi/lib/thumb/v6-m/nofp/crt0.o
LOAD hal/src/hal_io.o
LOAD gfx_mono/display_controller/ssd1306/ssd1306_font.o
LOAD gfx_mono/display/ug2832hsweg04/ug2832hsweg04.o
LOAD gfx_mono/display/framebuffer.o
LOAD gfx_mono/display/display_mono.o
LOAD gcc/gcc/startup_samr21.o
LOAD hpl/sysctrl/hpl_sysctrl.o
LOAD hal/utils/src/utils_syscalls.o
LOAD hal/src/hal_spi_m_sync.o
LOAD gfx_mono/gfx_mono_text.o
LOAD gfx_mono/gfx_mono.o
LOAD hal/src/hal_delay.o
LOAD gfx_mono_main.o
LOAD hpl/core/hpl_init.o
LOAD hal/utils/src/utils_list.o
LOAD hpl/core/hpl_core_m0plus_base.o
LOAD hal/utils/src/utils_assert.o
LOAD hpl/dmac/hpl_dmac.o
LOAD hpl/pm/hpl_pm.o
LOAD hpl/gclk/hpl_gclk.o
LOAD gcc/system_samr21.o
LOAD hal/src/hal_init.o
LOAD main.o
LOAD gfx_mono/display_controller/ssd1306/ssd1306.o
LOAD examples/driver_examples.o
LOAD driver_init.o
LOAD hpl/sercom/hpl_sercom.o
LOAD gfx_mono/fonts/gfx_mono_font_basic_6x7.o
LOAD gfx_mono/display_controller/display_ctrl_mono.o
LOAD hal/src/hal_gpio.o
LOAD hal/utils/src/utils_event.o
LOAD hal/src/hal_sleep.o
LOAD atmel_start.o
LOAD hal/src/hal_atomic.o
START GROUP
LOAD /opt/gcc-arm-none-eabi-9-2020-q2-update/bin/../lib/gcc/arm-none-eabi/9.3.1/../../../../arm-none-eabi/lib/thumb/v6-m/nofp/libm.a
END GROUP
START GROUP
LOAD /opt/gcc-arm-none-eabi-9-2020-q2-update/bin/../lib/gcc/arm-none-eabi/9.3.1/thumb/v6-m/nofp/libgcc.a
LOAD /opt/gcc-arm-none-eabi-9-2020-q2-update/bin/../lib/gcc/arm-none-eabi/9.3.1/../../../../arm-none-eabi/lib/thumb/v6-m/nofp/libc_nano.a
END GROUP
START GROUP
LOAD /opt/gcc-arm-none-eabi-9-2020-q2-update/bin/../lib/gcc/arm-none-eabi/9.3.1/thumb/v6-m/nofp/libgcc.a
LOAD /opt/gcc-arm-none-eabi-9-2020-q2-update/bin/../lib/gcc/arm-none-eabi/9.3.1/../../../../arm-none-eabi/lib/thumb/v6-m/nofp/libc_nano.a
END GROUP
LOAD /opt/gcc-arm-none-eabi-9-2020-q2-update/bin/../lib/gcc/arm-none-eabi/9.3.1/thumb/v6-m/nofp/crtend.o
LOAD /opt/gcc-arm-none-eabi-9-2020-q2-update/bin/../lib/gcc/arm-none-eabi/9.3.1/thumb/v6-m/nofp/crtn.o
                0x0000000000002000                STACK_SIZE = DEFINED (STACK_SIZE)?STACK_SIZE:DEFINED (__stack_size__)?__stack_size__:0x2000

.text           0x0000000000000000     0x1700
                0x0000000000000000                . = ALIGN (0x4)
                0x0000000000000000                _sfixed = .
 *(.vectors .vectors.*)
 .vectors       0x0000000000000000       0xb4 gcc/gcc/startup_samr21.o
                0x0000000000000000                exception_table
 *(.text .text.* .gnu.linkonce.t.*)
 .text          0x00000000000000b4       0x48 /opt/gcc-arm-none-eabi-9-2020-q2-update/bin/../lib/gcc/arm-none-eabi/9.3.1/thumb/v6-m/nofp/crtbegin.o
 .text.ug2832hsweg04_put_page
                0x00000000000000fc       0x38 gfx_mono/display/ug2832hsweg04/ug2832hsweg04.o
                0x00000000000000fc                ug2832hsweg04_put_page
 .text.ug2832hsweg04_draw_pixel
                0x0000000000000134       0x18 gfx_mono/display/ug2832hsweg04/ug2832hsweg04.o
                0x0000000000000134                ug2832hsweg04_draw_pixel
 .text.ug2832hsweg04_put_byte
                0x000000000000014c       0x28 gfx_mono/display/ug2832hsweg04/ug2832hsweg04.o
                0x000000000000014c                ug2832hsweg04_put_byte
 .text.ug2832hsweg04_get_byte
                0x0000000000000174       0x10 gfx_mono/display/ug2832hsweg04/ug2832hsweg04.o
                0x0000000000000174                ug2832hsweg04_get_byte
 .text.ug2832hsweg04_mask_byte
                0x0000000000000184       0x14 gfx_mono/display/ug2832hsweg04/ug2832hsweg04.o
                0x0000000000000184                ug2832hsweg04_mask_byte
 .text.ug2832hsweg04_construct
                0x0000000000000198       0x6c gfx_mono/display/ug2832hsweg04/ug2832hsweg04.o
                0x0000000000000198                ug2832hsweg04_construct
 .text.framebuffer_put_page
                0x0000000000000204       0x20 gfx_mono/display/framebuffer.o
                0x0000000000000204                framebuffer_put_page
 .text.framebuffer_put_byte
                0x0000000000000224        0xe gfx_mono/display/framebuffer.o
                0x0000000000000224                framebuffer_put_byte
 .text.framebuffer_get_byte
                0x0000000000000232        0xc gfx_mono/display/framebuffer.o
                0x0000000000000232                framebuffer_get_byte
 *fill*         0x000000000000023e        0x2 
 .text.framebuffer_draw_pixel
                0x0000000000000240       0x18 gfx_mono/display/framebuffer.o
                0x0000000000000240                framebuffer_draw_pixel
 .text.framebuffer_mask_byte
                0x0000000000000258       0x14 gfx_mono/display/framebuffer.o
                0x0000000000000258                framebuffer_mask_byte
 .text.framebuffer_construct
                0x000000000000026c       0x20 gfx_mono/display/framebuffer.o
                0x000000000000026c                framebuffer_construct
 .text.display_mono_construct
                0x000000000000028c        0xc gfx_mono/display/display_mono.o
                0x000000000000028c                display_mono_construct
 .text.display_mono_put_byte
                0x0000000000000298       0x26 gfx_mono/display/display_mono.o
                0x0000000000000298                display_mono_put_byte
 .text.display_mono_mask_byte
                0x00000000000002be       0x42 gfx_mono/display/display_mono.o
                0x00000000000002be                display_mono_mask_byte
 .text.display_mono_draw_pixel
                0x0000000000000300       0x74 gfx_mono/display/display_mono.o
                0x0000000000000300                display_mono_draw_pixel
 .text.display_mono_put_page
                0x0000000000000374       0x38 gfx_mono/display/display_mono.o
                0x0000000000000374                display_mono_put_page
 .text.display_mono_init
                0x00000000000003ac       0x48 gfx_mono/display/display_mono.o
                0x00000000000003ac                display_mono_init
 .text.Dummy_Handler
                0x00000000000003f4        0x2 gcc/gcc/startup_samr21.o
                0x00000000000003f4                DMAC_Handler
                0x00000000000003f4                HardFault_Handler
                0x00000000000003f4                AC_Handler
                0x00000000000003f4                SysTick_Handler
                0x00000000000003f4                PendSV_Handler
                0x00000000000003f4                NMI_Handler
                0x00000000000003f4                TC7_Handler
                0x00000000000003f4                SERCOM1_Handler
                0x00000000000003f4                ADC_Handler
                0x00000000000003f4                TCC1_Handler
                0x00000000000003f4                SERCOM2_Handler
                0x00000000000003f4                TCC0_Handler
                0x00000000000003f4                RTC_Handler
                0x00000000000003f4                EIC_Handler
                0x00000000000003f4                TC6_Handler
                0x00000000000003f4                WDT_Handler
                0x00000000000003f4                TC4_Handler
                0x00000000000003f4                USB_Handler
                0x00000000000003f4                TC3_Handler
                0x00000000000003f4                Dummy_Handler
                0x00000000000003f4                PM_Handler
                0x00000000000003f4                SERCOM5_Handler
                0x00000000000003f4                SVC_Handler
                0x00000000000003f4                TCC2_Handler
                0x00000000000003f4                EVSYS_Handler
                0x00000000000003f4                SERCOM3_Handler
                0x00000000000003f4                SERCOM4_Handler
                0x00000000000003f4                NVMCTRL_Handler
                0x00000000000003f4                SERCOM0_Handler
                0x00000000000003f4                DAC_Handler
                0x00000000000003f4                PTC_Handler
                0x00000000000003f4                TC5_Handler
                0x00000000000003f4                SYSCTRL_Handler
 *fill*         0x00000000000003f6        0x2 
 .text.Reset_Handler
                0x00000000000003f8       0xd4 gcc/gcc/startup_samr21.o
                0x00000000000003f8                Reset_Handler
 .text._sysctrl_init_sources
                0x00000000000004cc       0x48 hpl/sysctrl/hpl_sysctrl.o
                0x00000000000004cc                _sysctrl_init_sources
 .text._sysctrl_init_referenced_generators
                0x0000000000000514       0x10 hpl/sysctrl/hpl_sysctrl.o
                0x0000000000000514                _sysctrl_init_referenced_generators
 .text.spi_m_sync_init
                0x0000000000000524       0x50 hal/src/hal_spi_m_sync.o
                0x0000000000000524                spi_m_sync_init
 .text.spi_m_sync_enable
                0x0000000000000574       0x28 hal/src/hal_spi_m_sync.o
                0x0000000000000574                spi_m_sync_enable
 .text.spi_m_sync_transfer
                0x000000000000059c       0x40 hal/src/hal_spi_m_sync.o
                0x000000000000059c                spi_m_sync_transfer
 .text._spi_m_sync_io_write
                0x00000000000005dc       0x38 hal/src/hal_spi_m_sync.o
 .text._spi_m_sync_io_read
                0x0000000000000614       0x38 hal/src/hal_spi_m_sync.o
 .text.gfx_mono_text_construct
                0x000000000000064c        0x4 gfx_mono/gfx_mono_text.o
                0x000000000000064c                gfx_mono_text_construct
 .text.gfx_mono_text_draw_char
                0x0000000000000650       0xd0 gfx_mono/gfx_mono_text.o
                0x0000000000000650                gfx_mono_text_draw_char
 .text.gfx_mono_text_draw_string
                0x0000000000000720       0x74 gfx_mono/gfx_mono_text.o
                0x0000000000000720                gfx_mono_text_draw_string
 .text.gfx_mono_construct
                0x0000000000000794        0x4 gfx_mono/gfx_mono.o
                0x0000000000000794                gfx_mono_construct
 .text.gfx_mono_draw_horizontal_line
                0x0000000000000798       0xec gfx_mono/gfx_mono.o
                0x0000000000000798                gfx_mono_draw_horizontal_line
 .text.gfx_mono_draw_vertical_line
                0x0000000000000884       0x9c gfx_mono/gfx_mono.o
                0x0000000000000884                gfx_mono_draw_vertical_line
 .text.gfx_mono_draw_rect
                0x0000000000000920       0x64 gfx_mono/gfx_mono.o
                0x0000000000000920                gfx_mono_draw_rect
 .text.gfx_mono_draw_filled_rect
                0x0000000000000984       0x44 gfx_mono/gfx_mono.o
                0x0000000000000984                gfx_mono_draw_filled_rect
 .text.delay_us
                0x00000000000009c8       0x20 hal/src/hal_delay.o
                0x00000000000009c8                delay_us
 .text._gpio_set_direction.constprop.0
                0x00000000000009e8       0x24 gfx_mono_main.o
 .text.gfx_mono_init
                0x0000000000000a0c       0x74 gfx_mono_main.o
                0x0000000000000a0c                gfx_mono_init
 .text._init_chip
                0x0000000000000a80       0x34 hpl/core/hpl_init.o
                0x0000000000000a80                _init_chip
 .text._get_cycles_for_us
                0x0000000000000ab4       0x18 hpl/core/hpl_core_m0plus_base.o
                0x0000000000000ab4                _get_cycles_for_us
 .text._delay_cycles
                0x0000000000000acc        0x6 hpl/core/hpl_core_m0plus_base.o
                0x0000000000000acc                _delay_cycles
 .text.assert   0x0000000000000ad2        0x8 hal/utils/src/utils_assert.o
                0x0000000000000ad2                assert
 *fill*         0x0000000000000ada        0x2 
 .text._pm_init
                0x0000000000000adc       0x20 hpl/pm/hpl_pm.o
                0x0000000000000adc                _pm_init
 .text._gclk_init_generators_by_fref
                0x0000000000000afc       0x18 hpl/gclk/hpl_gclk.o
                0x0000000000000afc                _gclk_init_generators_by_fref
 .text.startup.main
                0x0000000000000b14       0x70 main.o
                0x0000000000000b14                main
 .text.ssd1306_read_data
                0x0000000000000b84        0x4 gfx_mono/display_controller/ssd1306/ssd1306.o
                0x0000000000000b84                ssd1306_read_data
 .text.ssd1306_write_data
                0x0000000000000b88       0x58 gfx_mono/display_controller/ssd1306/ssd1306.o
                0x0000000000000b88                ssd1306_write_data
 .text.ssd1306_write_command
                0x0000000000000be0       0x58 gfx_mono/display_controller/ssd1306/ssd1306.o
                0x0000000000000be0                ssd1306_write_command
 .text.ssd1306_set_page_address
                0x0000000000000c38       0x14 gfx_mono/display_controller/ssd1306/ssd1306.o
                0x0000000000000c38                ssd1306_set_page_address
 .text.ssd1306_set_column_address
                0x0000000000000c4c       0x20 gfx_mono/display_controller/ssd1306/ssd1306.o
                0x0000000000000c4c                ssd1306_set_column_address
 .text.ssd1306_set_start_line_address
                0x0000000000000c6c       0x14 gfx_mono/display_controller/ssd1306/ssd1306.o
                0x0000000000000c6c                ssd1306_set_start_line_address
 .text.ssd1306_hard_reset
                0x0000000000000c80       0x10 gfx_mono/display_controller/ssd1306/ssd1306.o
                0x0000000000000c80                ssd1306_hard_reset
 .text.ssd1306_disable_sleep
                0x0000000000000c90       0x10 gfx_mono/display_controller/ssd1306/ssd1306.o
                0x0000000000000c90                ssd1306_disable_sleep
 .text.ssd1306_set_contrast
                0x0000000000000ca0       0x1c gfx_mono/display_controller/ssd1306/ssd1306.o
                0x0000000000000ca0                ssd1306_set_contrast
 .text.ssd1306_construct
                0x0000000000000cbc       0xbc gfx_mono/display_controller/ssd1306/ssd1306.o
                0x0000000000000cbc                ssd1306_construct
 .text._gpio_set_pin_function
                0x0000000000000d78       0x60 driver_init.o
 .text.DISPLAY_SPI_PORT_init
                0x0000000000000dd8       0x88 driver_init.o
                0x0000000000000dd8                DISPLAY_SPI_PORT_init
 .text.DISPLAY_SPI_CLOCK_init
                0x0000000000000e60       0x20 driver_init.o
                0x0000000000000e60                DISPLAY_SPI_CLOCK_init
 .text.DISPLAY_SPI_init
                0x0000000000000e80       0x28 driver_init.o
                0x0000000000000e80                DISPLAY_SPI_init
 .text.system_init
                0x0000000000000ea8       0x78 driver_init.o
                0x0000000000000ea8                system_init
 .text.hri_sercomspi_clear_CTRLA_ENABLE_bit
                0x0000000000000f20       0x12 hpl/sercom/hpl_sercom.o
 .text._spi_sync_enable
                0x0000000000000f32       0x24 hpl/sercom/hpl_sercom.o
 *fill*         0x0000000000000f56        0x2 
 .text._spi_m_sync_init
                0x0000000000000f58      0x190 hpl/sercom/hpl_sercom.o
                0x0000000000000f58                _spi_m_sync_init
 .text._spi_m_sync_enable
                0x00000000000010e8       0x2c hpl/sercom/hpl_sercom.o
                0x00000000000010e8                _spi_m_sync_enable
 .text._spi_m_sync_trans
                0x0000000000001114       0xe0 hpl/sercom/hpl_sercom.o
                0x0000000000001114                _spi_m_sync_trans
 .text.display_ctrl_mono_construct
                0x00000000000011f4        0x6 gfx_mono/display_controller/display_ctrl_mono.o
                0x00000000000011f4                display_ctrl_mono_construct
 *fill*         0x00000000000011fa        0x2 
 .text.display_ctrl_mono_hard_reset
                0x00000000000011fc       0x2c gfx_mono/display_controller/display_ctrl_mono.o
                0x00000000000011fc                display_ctrl_mono_hard_reset
 .text.atmel_start_init
                0x0000000000001228       0x14 atmel_start.o
                0x0000000000001228                atmel_start_init
 .text          0x000000000000123c      0x114 /opt/gcc-arm-none-eabi-9-2020-q2-update/bin/../lib/gcc/arm-none-eabi/9.3.1/thumb/v6-m/nofp/libgcc.a(_udivsi3.o)
                0x000000000000123c                __udivsi3
                0x000000000000123c                __aeabi_uidiv
                0x0000000000001348                __aeabi_uidivmod
 .text          0x0000000000001350        0x4 /opt/gcc-arm-none-eabi-9-2020-q2-update/bin/../lib/gcc/arm-none-eabi/9.3.1/thumb/v6-m/nofp/libgcc.a(_dvmd_tls.o)
                0x0000000000001350                __aeabi_ldiv0
                0x0000000000001350                __aeabi_idiv0
 .text.__libc_init_array
                0x0000000000001354       0x48 /opt/gcc-arm-none-eabi-9-2020-q2-update/bin/../lib/gcc/arm-none-eabi/9.3.1/../../../../arm-none-eabi/lib/thumb/v6-m/nofp/libc_nano.a(lib_a-init.o)
                0x0000000000001354                __libc_init_array
 .text.memcpy   0x000000000000139c       0x12 /opt/gcc-arm-none-eabi-9-2020-q2-update/bin/../lib/gcc/arm-none-eabi/9.3.1/../../../../arm-none-eabi/lib/thumb/v6-m/nofp/libc_nano.a(lib_a-memcpy-stub.o)
                0x000000000000139c                memcpy
 .text.memset   0x00000000000013ae       0x10 /opt/gcc-arm-none-eabi-9-2020-q2-update/bin/../lib/gcc/arm-none-eabi/9.3.1/../../../../arm-none-eabi/lib/thumb/v6-m/nofp/libc_nano.a(lib_a-memset.o)
                0x00000000000013ae                memset
 *(.glue_7t)
 .glue_7t       0x00000000000013be        0x0 linker stubs
 *(.glue_7)
 .glue_7        0x00000000000013be        0x0 linker stubs
 *(.rodata .rodata* .gnu.linkonce.r.*)
 .rodata.str1.1
                0x00000000000013be       0x1c hal/src/hal_spi_m_sync.o
 .rodata.str1.1
                0x00000000000013da       0x1c gfx_mono/gfx_mono_text.o
 .rodata.str1.1
                0x00000000000013f6       0x13 main.o
 .rodata.str1.1
                0x0000000000001409       0x1b hpl/sercom/hpl_sercom.o
 .rodata        0x0000000000001424       0x29 hpl/sercom/hpl_sercom.o
 .rodata        0x000000000000144d      0x292 gfx_mono/fonts/gfx_mono_font_basic_6x7.o
 *(.ARM.extab* .gnu.linkonce.armextab.*)
                0x00000000000016e0                . = ALIGN (0x4)
 *fill*         0x00000000000016df        0x1 
 *(.init)
 .init          0x00000000000016e0        0x4 /opt/gcc-arm-none-eabi-9-2020-q2-update/bin/../lib/gcc/arm-none-eabi/9.3.1/thumb/v6-m/nofp/crti.o
                0x00000000000016e0                _init
 .init          0x00000000000016e4        0x8 /opt/gcc-arm-none-eabi-9-2020-q2-update/bin/../lib/gcc/arm-none-eabi/9.3.1/thumb/v6-m/nofp/crtn.o
                0x00000000000016ec                . = ALIGN (0x4)
                0x00000000000016ec                __preinit_array_start = .
 *(.preinit_array)
                0x00000000000016ec                __preinit_array_end = .
                0x00000000000016ec                . = ALIGN (0x4)
                0x00000000000016ec                __init_array_start = .
 *(SORT_BY_NAME(.init_array.*))
 *(.init_array)
 .init_array    0x00000000000016ec        0x4 /opt/gcc-arm-none-eabi-9-2020-q2-update/bin/../lib/gcc/arm-none-eabi/9.3.1/thumb/v6-m/nofp/crtbegin.o
                0x00000000000016f0                __init_array_end = .
                0x00000000000016f0                . = ALIGN (0x4)
 *crtbegin.o(.ctors)
 *(EXCLUDE_FILE(*crtend.o) .ctors)
 *(SORT_BY_NAME(.ctors.*))
 *crtend.o(.ctors)
                0x00000000000016f0                . = ALIGN (0x4)
 *(.fini)
 .fini          0x00000000000016f0        0x4 /opt/gcc-arm-none-eabi-9-2020-q2-update/bin/../lib/gcc/arm-none-eabi/9.3.1/thumb/v6-m/nofp/crti.o
                0x00000000000016f0                _fini
 .fini          0x00000000000016f4        0x8 /opt/gcc-arm-none-eabi-9-2020-q2-update/bin/../lib/gcc/arm-none-eabi/9.3.1/thumb/v6-m/nofp/crtn.o
                0x00000000000016fc                . = ALIGN (0x4)
                0x00000000000016fc                __fini_array_start = .
 *(.fini_array)
 .fini_array    0x00000000000016fc        0x4 /opt/gcc-arm-none-eabi-9-2020-q2-update/bin/../lib/gcc/arm-none-eabi/9.3.1/thumb/v6-m/nofp/crtbegin.o
 *(SORT_BY_NAME(.fini_array.*))
                0x0000000000001700                __fini_array_end = .
 *crtbegin.o(.dtors)
 *(EXCLUDE_FILE(*crtend.o) .dtors)
 *(SORT_BY_NAME(.dtors.*))
 *crtend.o(.dtors)
                0x0000000000001700                . = ALIGN (0x4)
                0x0000000000001700                _efixed = .
                [!provide]                        PROVIDE (__exidx_start = .)

.vfp11_veneer   0x0000000000001700        0x0
 .vfp11_veneer  0x0000000000001700        0x0 linker stubs

.v4_bx          0x0000000000001700        0x0
 .v4_bx         0x0000000000001700        0x0 linker stubs

.iplt           0x0000000000001700        0x0
 .iplt          0x0000000000001700        0x0 /opt/gcc-arm-none-eabi-9-2020-q2-update/bin/../lib/gcc/arm-none-eabi/9.3.1/thumb/v6-m/nofp/crtbegin.o

.igot.plt       0x0000000000001700        0x0
 .igot.plt      0x0000000000001700        0x0 /opt/gcc-arm-none-eabi-9-2020-q2-update/bin/../lib/gcc/arm-none-eabi/9.3.1/thumb/v6-m/nofp/crtbegin.o

.eh_frame       0x0000000000001700        0x0
 .eh_frame      0x0000000000001700        0x0 /opt/gcc-arm-none-eabi-9-2020-q2-update/bin/../lib/gcc/arm-none-eabi/9.3.1/thumb/v6-m/nofp/crtbegin.o

.rel.dyn        0x0000000000001700        0x0
 .rel.iplt      0x0000000000001700        0x0 /opt/gcc-arm-none-eabi-9-2020-q2-update/bin/../lib/gcc/arm-none-eabi/9.3.1/thumb/v6-m/nofp/crtbegin.o

.ARM.exidx
 *(.ARM.exidx* .gnu.linkonce.armexidx.*)
                [!provide]                        PROVIDE (__exidx_end = .)
                0x0000000000001700                . = ALIGN (0x4)
                0x0000000000001700                _etext = .

.relocate       0x0000000020000000       0x4c load address 0x0000000000001700
                0x0000000020000000                . = ALIGN (0x4)
                0x0000000020000000                _srelocate = .
 *(.ramfunc .ramfunc.*)
 *(.data .data.*)
 .data          0x0000000020000000       0x14 gfx_mono/display/ug2832hsweg04/ug2832hsweg04.o
 .data          0x0000000020000014       0x14 gfx_mono/display/framebuffer.o
 .data          0x0000000020000028       0x14 gfx_mono/display_controller/ssd1306/ssd1306.o
 .data          0x000000002000003c       0x10 gfx_mono/fonts/gfx_mono_font_basic_6x7.o
                0x000000002000003c                basic_6x7
                0x000000002000004c                . = ALIGN (0x4)
                0x000000002000004c                _erelocate = .

.bss            0x000000002000004c      0x268 load address 0x000000000000174c
                0x000000002000004c                . = ALIGN (0x4)
                0x000000002000004c                _sbss = .
                0x000000002000004c                _szero = .
 *(.bss .bss.*)
 .bss           0x000000002000004c       0x1c /opt/gcc-arm-none-eabi-9-2020-q2-update/bin/../lib/gcc/arm-none-eabi/9.3.1/thumb/v6-m/nofp/crtbegin.o
 .bss           0x0000000020000068        0x4 hal/src/hal_delay.o
 .bss           0x000000002000006c      0x228 gfx_mono_main.o
 .bss           0x0000000020000294       0x18 driver_init.o
                0x0000000020000294                DISPLAY_SPI
 *(COMMON)
 COMMON         0x00000000200002ac        0x8 gfx_mono_main.o
                0x00000000200002ac                MONOCHROME_GRAPHICS_desc
                0x00000000200002b0                MONOCHROME_TEXT_desc
                0x00000000200002b4                . = ALIGN (0x4)
                0x00000000200002b4                _ebss = .
                0x00000000200002b4                _ezero = .

.stack          0x00000000200002b4     0x2004 load address 0x00000000000019b4
                0x00000000200002b8                . = ALIGN (0x8)
 *fill*         0x00000000200002b4        0x4 
                0x00000000200002b8                _sstack = .
                0x00000000200022b8                . = (. + STACK_SIZE)
 *fill*         0x00000000200002b8     0x2000 
                0x00000000200022b8                . = ALIGN (0x8)
                0x00000000200022b8                _estack = .
                0x00000000200022b8                . = ALIGN (0x4)
                0x00000000200022b8                _end = .
OUTPUT(AtmelStart.elf elf32-littlearm)
LOAD linker stubs

.ARM.attributes
                0x0000000000000000       0x28
 .ARM.attributes
                0x0000000000000000       0x1e /opt/gcc-arm-none-eabi-9-2020-q2-update/bin/../lib/gcc/arm-none-eabi/9.3.1/thumb/v6-m/nofp/crti.o
 .ARM.attributes
                0x000000000000001e       0x2c /opt/gcc-arm-none-eabi-9-2020-q2-update/bin/../lib/gcc/arm-none-eabi/9.3.1/thumb/v6-m/nofp/crtbegin.o
 .ARM.attributes
                0x000000000000004a       0x2c gfx_mono/display/ug2832hsweg04/ug2832hsweg04.o
 .ARM.attributes
                0x0000000000000076       0x2c gfx_mono/display/framebuffer.o
 .ARM.attributes
                0x00000000000000a2       0x2c gfx_mono/display/display_mono.o
 .ARM.attributes
                0x00000000000000ce       0x2c gcc/gcc/startup_samr21.o
 .ARM.attributes
                0x00000000000000fa       0x2c hpl/sysctrl/hpl_sysctrl.o
 .ARM.attributes
                0x0000000000000126       0x2c hal/src/hal_spi_m_sync.o
 .ARM.attributes
                0x0000000000000152       0x2c gfx_mono/gfx_mono_text.o
 .ARM.attributes
                0x000000000000017e       0x2c gfx_mono/gfx_mono.o
 .ARM.attributes
                0x00000000000001aa       0x2c hal/src/hal_delay.o
 .ARM.attributes
                0x00000000000001d6       0x2c gfx_mono_main.o
 .ARM.attributes
                0x0000000000000202       0x2c hpl/core/hpl_init.o
 .ARM.attributes
                0x000000000000022e       0x2c hpl/core/hpl_core_m0plus_base.o
 .ARM.attributes
                0x000000000000025a       0x2c hal/utils/src/utils_assert.o
 .ARM.attributes
                0x0000000000000286       0x2c hpl/pm/hpl_pm.o
 .ARM.attributes
                0x00000000000002b2       0x2c hpl/gclk/hpl_gclk.o
 .ARM.attributes
                0x00000000000002de       0x2c main.o
 .ARM.attributes
                0x000000000000030a       0x2c gfx_mono/display_controller/ssd1306/ssd1306.o
 .ARM.attributes
                0x0000000000000336       0x2c driver_init.o
 .ARM.attributes
                0x0000000000000362       0x2c hpl/sercom/hpl_sercom.o
 .ARM.attributes
                0x000000000000038e       0x2c gfx_mono/fonts/gfx_mono_font_basic_6x7.o
 .ARM.attributes
                0x00000000000003ba       0x2c gfx_mono/display_controller/display_ctrl_mono.o
 .ARM.attributes
                0x00000000000003e6       0x2c atmel_start.o
 .ARM.attributes
                0x0000000000000412       0x1e /opt/gcc-arm-none-eabi-9-2020-q2-update/bin/../lib/gcc/arm-none-eabi/9.3.1/thumb/v6-m/nofp/libgcc.a(_udivsi3.o)
 .ARM.attributes
                0x0000000000000430       0x1e /opt/gcc-arm-none-eabi-9-2020-q2-update/bin/../lib/gcc/arm-none-eabi/9.3.1/thumb/v6-m/nofp/libgcc.a(_dvmd_tls.o)
 .ARM.attributes
                0x000000000000044e       0x2c /opt/gcc-arm-none-eabi-9-2020-q2-update/bin/../lib/gcc/arm-none-eabi/9.3.1/../../../../arm-none-eabi/lib/thumb/v6-m/nofp/libc_nano.a(lib_a-init.o)
 .ARM.attributes
                0x000000000000047a       0x2c /opt/gcc-arm-none-eabi-9-2020-q2-update/bin/../lib/gcc/arm-none-eabi/9.3.1/../../../../arm-none-eabi/lib/thumb/v6-m/nofp/libc_nano.a(lib_a-memcpy-stub.o)
 .ARM.attributes
                0x00000000000004a6       0x2c /opt/gcc-arm-none-eabi-9-2020-q2-update/bin/../lib/gcc/arm-none-eabi/9.3.1/../../../../arm-none-eabi/lib/thumb/v6-m/nofp/libc_nano.a(lib_a-memset.o)
 .ARM.attributes
                0x00000000000004d2       0x1e /opt/gcc-arm-none-eabi-9-2020-q2-update/bin/../lib/gcc/arm-none-eabi/9.3.1/thumb/v6-m/nofp/crtn.o

.comment        0x0000000000000000       0x95
 .comment       0x0000000000000000       0x49 gfx_mono/display/ug2832hsweg04/ug2832hsweg04.o
                                         0x4a (size before relaxing)
 .comment       0x0000000000000049       0x4a gfx_mono/display/framebuffer.o
 .comment       0x0000000000000049       0x4a gfx_mono/display/display_mono.o
 .comment       0x0000000000000049       0x4a gcc/gcc/startup_samr21.o
 .comment       0x0000000000000049       0x4a hpl/sysctrl/hpl_sysctrl.o
 .comment       0x0000000000000049       0x4a hal/src/hal_spi_m_sync.o
 .comment       0x0000000000000049       0x4a gfx_mono/gfx_mono_text.o
 .comment       0x0000000000000049       0x4a gfx_mono/gfx_mono.o
 .comment       0x0000000000000049       0x4a hal/src/hal_delay.o
 .comment       0x0000000000000049       0x4c gfx_mono_main.o
                                         0x4d (size before relaxing)
 .comment       0x0000000000000095       0x4a hpl/core/hpl_init.o
 .comment       0x0000000000000095       0x4a hpl/core/hpl_core_m0plus_base.o
 .comment       0x0000000000000095       0x4a hal/utils/src/utils_assert.o
 .comment       0x0000000000000095       0x4a hpl/pm/hpl_pm.o
 .comment       0x0000000000000095       0x4a hpl/gclk/hpl_gclk.o
 .comment       0x0000000000000095       0x4d main.o
 .comment       0x0000000000000095       0x4a gfx_mono/display_controller/ssd1306/ssd1306.o
 .comment       0x0000000000000095       0x4a driver_init.o
 .comment       0x0000000000000095       0x4a hpl/sercom/hpl_sercom.o
 .comment       0x0000000000000095       0x4a gfx_mono/fonts/gfx_mono_font_basic_6x7.o
 .comment       0x0000000000000095       0x4a gfx_mono/display_controller/display_ctrl_mono.o
 .comment       0x0000000000000095       0x4a atmel_start.o

.debug_info     0x0000000000000000    0x2274c
 .debug_info    0x0000000000000000      0xb23 gfx_mono/display/ug2832hsweg04/ug2832hsweg04.o
 .debug_info    0x0000000000000b23      0x8ce gfx_mono/display/framebuffer.o
 .debug_info    0x00000000000013f1      0xa53 gfx_mono/display/display_mono.o
 .debug_info    0x0000000000001e44     0x39a0 gcc/gcc/startup_samr21.o
 .debug_info    0x00000000000057e4     0x1453 hpl/sysctrl/hpl_sysctrl.o
 .debug_info    0x0000000000006c37      0xa04 hal/src/hal_spi_m_sync.o
 .debug_info    0x000000000000763b      0xc1b gfx_mono/gfx_mono_text.o
 .debug_info    0x0000000000008256     0x117f gfx_mono/gfx_mono.o
 .debug_info    0x00000000000093d5      0x1c5 hal/src/hal_delay.o
 .debug_info    0x000000000000959a     0x1341 gfx_mono_main.o
 .debug_info    0x000000000000a8db      0x687 hpl/core/hpl_init.o
 .debug_info    0x000000000000af62      0x8c1 hpl/core/hpl_core_m0plus_base.o
 .debug_info    0x000000000000b823       0xd9 hal/utils/src/utils_assert.o
 .debug_info    0x000000000000b8fc      0xc99 hpl/pm/hpl_pm.o
 .debug_info    0x000000000000c595      0x4be hpl/gclk/hpl_gclk.o
 .debug_info    0x000000000000ca53      0x682 main.o
 .debug_info    0x000000000000d0d5     0x165f gfx_mono/display_controller/ssd1306/ssd1306.o
 .debug_info    0x000000000000e734     0x832a driver_init.o
 .debug_info    0x0000000000016a5e     0xaf27 hpl/sercom/hpl_sercom.o
 .debug_info    0x0000000000021985      0x165 gfx_mono/fonts/gfx_mono_font_basic_6x7.o
 .debug_info    0x0000000000021aea      0xbb1 gfx_mono/display_controller/display_ctrl_mono.o
 .debug_info    0x000000000002269b       0xb1 atmel_start.o

.debug_abbrev   0x0000000000000000     0x3331
 .debug_abbrev  0x0000000000000000      0x189 gfx_mono/display/ug2832hsweg04/ug2832hsweg04.o
 .debug_abbrev  0x0000000000000189      0x17a gfx_mono/display/framebuffer.o
 .debug_abbrev  0x0000000000000303      0x1ca gfx_mono/display/display_mono.o
 .debug_abbrev  0x00000000000004cd      0x2b7 gcc/gcc/startup_samr21.o
 .debug_abbrev  0x0000000000000784      0x238 hpl/sysctrl/hpl_sysctrl.o
 .debug_abbrev  0x00000000000009bc      0x1c6 hal/src/hal_spi_m_sync.o
 .debug_abbrev  0x0000000000000b82      0x2b7 gfx_mono/gfx_mono_text.o
 .debug_abbrev  0x0000000000000e39      0x2da gfx_mono/gfx_mono.o
 .debug_abbrev  0x0000000000001113       0xdc hal/src/hal_delay.o
 .debug_abbrev  0x00000000000011ef      0x344 gfx_mono_main.o
 .debug_abbrev  0x0000000000001533      0x1f1 hpl/core/hpl_init.o
 .debug_abbrev  0x0000000000001724      0x2fd hpl/core/hpl_core_m0plus_base.o
 .debug_abbrev  0x0000000000001a21       0x6a hal/utils/src/utils_assert.o
 .debug_abbrev  0x0000000000001a8b      0x270 hpl/pm/hpl_pm.o
 .debug_abbrev  0x0000000000001cfb      0x1d6 hpl/gclk/hpl_gclk.o
 .debug_abbrev  0x0000000000001ed1      0x18d main.o
 .debug_abbrev  0x000000000000205e      0x3a3 gfx_mono/display_controller/ssd1306/ssd1306.o
 .debug_abbrev  0x0000000000002401      0x447 driver_init.o
 .debug_abbrev  0x0000000000002848      0x688 hpl/sercom/hpl_sercom.o
 .debug_abbrev  0x0000000000002ed0       0xeb gfx_mono/fonts/gfx_mono_font_basic_6x7.o
 .debug_abbrev  0x0000000000002fbb      0x30f gfx_mono/display_controller/display_ctrl_mono.o
 .debug_abbrev  0x00000000000032ca       0x67 atmel_start.o

.debug_loc      0x0000000000000000     0xc329
 .debug_loc     0x0000000000000000      0x6f6 gfx_mono/display/ug2832hsweg04/ug2832hsweg04.o
 .debug_loc     0x00000000000006f6      0x6f8 gfx_mono/display/framebuffer.o
 .debug_loc     0x0000000000000dee      0x997 gfx_mono/display/display_mono.o
 .debug_loc     0x0000000000001785      0x1bc hpl/sysctrl/hpl_sysctrl.o
 .debug_loc     0x0000000000001941      0x571 hal/src/hal_spi_m_sync.o
 .debug_loc     0x0000000000001eb2      0x868 gfx_mono/gfx_mono_text.o
 .debug_loc     0x000000000000271a     0x10c7 gfx_mono/gfx_mono.o
 .debug_loc     0x00000000000037e1       0x6f hal/src/hal_delay.o
 .debug_loc     0x0000000000003850      0x3a9 gfx_mono_main.o
 .debug_loc     0x0000000000003bf9       0x30 hpl/core/hpl_init.o
 .debug_loc     0x0000000000003c29      0x268 hpl/core/hpl_core_m0plus_base.o
 .debug_loc     0x0000000000003e91      0x129 hpl/pm/hpl_pm.o
 .debug_loc     0x0000000000003fba       0xca hpl/gclk/hpl_gclk.o
 .debug_loc     0x0000000000004084      0xa34 gfx_mono/display_controller/ssd1306/ssd1306.o
 .debug_loc     0x0000000000004ab8     0x108c driver_init.o
 .debug_loc     0x0000000000005b44     0x6610 hpl/sercom/hpl_sercom.o
 .debug_loc     0x000000000000c154      0x1d5 gfx_mono/display_controller/display_ctrl_mono.o

.debug_aranges  0x0000000000000000      0xa58
 .debug_aranges
                0x0000000000000000       0x58 gfx_mono/display/ug2832hsweg04/ug2832hsweg04.o
 .debug_aranges
                0x0000000000000058       0x58 gfx_mono/display/framebuffer.o
 .debug_aranges
                0x00000000000000b0       0x68 gfx_mono/display/display_mono.o
 .debug_aranges
                0x0000000000000118       0x28 gcc/gcc/startup_samr21.o
 .debug_aranges
                0x0000000000000140       0x28 hpl/sysctrl/hpl_sysctrl.o
 .debug_aranges
                0x0000000000000168       0x88 hal/src/hal_spi_m_sync.o
 .debug_aranges
                0x00000000000001f0       0x48 gfx_mono/gfx_mono_text.o
 .debug_aranges
                0x0000000000000238       0x60 gfx_mono/gfx_mono.o
 .debug_aranges
                0x0000000000000298       0x38 hal/src/hal_delay.o
 .debug_aranges
                0x00000000000002d0       0x28 gfx_mono_main.o
 .debug_aranges
                0x00000000000002f8       0x20 hpl/core/hpl_init.o
 .debug_aranges
                0x0000000000000318       0x80 hpl/core/hpl_core_m0plus_base.o
 .debug_aranges
                0x0000000000000398       0x20 hal/utils/src/utils_assert.o
 .debug_aranges
                0x00000000000003b8       0x30 hpl/pm/hpl_pm.o
 .debug_aranges
                0x00000000000003e8       0x28 hpl/gclk/hpl_gclk.o
 .debug_aranges
                0x0000000000000410       0x20 main.o
 .debug_aranges
                0x0000000000000430       0x90 gfx_mono/display_controller/ssd1306/ssd1306.o
 .debug_aranges
                0x00000000000004c0       0x40 driver_init.o
 .debug_aranges
                0x0000000000000500      0x4f8 hpl/sercom/hpl_sercom.o
 .debug_aranges
                0x00000000000009f8       0x18 gfx_mono/fonts/gfx_mono_font_basic_6x7.o
 .debug_aranges
                0x0000000000000a10       0x28 gfx_mono/display_controller/display_ctrl_mono.o
 .debug_aranges
                0x0000000000000a38       0x20 atmel_start.o

.debug_ranges   0x0000000000000000     0x2170
 .debug_ranges  0x0000000000000000       0x48 gfx_mono/display/ug2832hsweg04/ug2832hsweg04.o
 .debug_ranges  0x0000000000000048       0x48 gfx_mono/display/framebuffer.o
 .debug_ranges  0x0000000000000090       0x58 gfx_mono/display/display_mono.o
 .debug_ranges  0x00000000000000e8       0x18 gcc/gcc/startup_samr21.o
 .debug_ranges  0x0000000000000100       0x90 hpl/sysctrl/hpl_sysctrl.o
 .debug_ranges  0x0000000000000190       0x78 hal/src/hal_spi_m_sync.o
 .debug_ranges  0x0000000000000208       0x70 gfx_mono/gfx_mono_text.o
 .debug_ranges  0x0000000000000278       0x80 gfx_mono/gfx_mono.o
 .debug_ranges  0x00000000000002f8       0x28 hal/src/hal_delay.o
 .debug_ranges  0x0000000000000320      0x118 gfx_mono_main.o
 .debug_ranges  0x0000000000000438       0x30 hpl/core/hpl_init.o
 .debug_ranges  0x0000000000000468       0xa8 hpl/core/hpl_core_m0plus_base.o
 .debug_ranges  0x0000000000000510       0x10 hal/utils/src/utils_assert.o
 .debug_ranges  0x0000000000000520       0x50 hpl/pm/hpl_pm.o
 .debug_ranges  0x0000000000000570       0x30 hpl/gclk/hpl_gclk.o
 .debug_ranges  0x00000000000005a0       0x10 main.o
 .debug_ranges  0x00000000000005b0      0x248 gfx_mono/display_controller/ssd1306/ssd1306.o
 .debug_ranges  0x00000000000007f8      0x578 driver_init.o
 .debug_ranges  0x0000000000000d70     0x1350 hpl/sercom/hpl_sercom.o
 .debug_ranges  0x00000000000020c0       0xa0 gfx_mono/display_controller/display_ctrl_mono.o
 .debug_ranges  0x0000000000002160       0x10 atmel_start.o

.debug_macro    0x0000000000000000     0x828f
 .debug_macro   0x0000000000000000      0x477 gfx_mono/display/ug2832hsweg04/ug2832hsweg04.o
 .debug_macro   0x0000000000000477       0x16 gfx_mono/display/ug2832hsweg04/ug2832hsweg04.o
 .debug_macro   0x000000000000048d       0xd0 gfx_mono/display/ug2832hsweg04/ug2832hsweg04.o
 .debug_macro   0x000000000000055d       0x22 gfx_mono/display/ug2832hsweg04/ug2832hsweg04.o
 .debug_macro   0x000000000000057f      0x456 gfx_mono/display/framebuffer.o
 .debug_macro   0x00000000000009d5      0x44c gfx_mono/display/display_mono.o
 .debug_macro   0x0000000000000e21      0x306 gcc/gcc/startup_samr21.o
 .debug_macro   0x0000000000001127       0x40 gcc/gcc/startup_samr21.o
 .debug_macro   0x0000000000001167      0x44a hpl/sysctrl/hpl_sysctrl.o
 .debug_macro   0x00000000000015b1      0x2da hpl/sysctrl/hpl_sysctrl.o
 .debug_macro   0x000000000000188b      0x48a hal/src/hal_spi_m_sync.o
 .debug_macro   0x0000000000001d15       0xc9 hal/src/hal_spi_m_sync.o
 .debug_macro   0x0000000000001dde      0x487 gfx_mono/gfx_mono_text.o
 .debug_macro   0x0000000000002265       0x6a gfx_mono/gfx_mono_text.o
 .debug_macro   0x00000000000022cf      0x464 gfx_mono/gfx_mono.o
 .debug_macro   0x0000000000002733      0x466 hal/src/hal_delay.o
 .debug_macro   0x0000000000002b99      0x582 gfx_mono_main.o
 .debug_macro   0x000000000000311b      0xa7e gfx_mono_main.o
 .debug_macro   0x0000000000003b99       0x22 gfx_mono_main.o
 .debug_macro   0x0000000000003bbb       0xb5 gfx_mono_main.o
 .debug_macro   0x0000000000003c70       0x1c gfx_mono_main.o
 .debug_macro   0x0000000000003c8c       0x58 gfx_mono_main.o
 .debug_macro   0x0000000000003ce4       0x70 gfx_mono_main.o
 .debug_macro   0x0000000000003d54       0x28 gfx_mono_main.o
 .debug_macro   0x0000000000003d7c      0x4ae hpl/core/hpl_init.o
 .debug_macro   0x000000000000422a       0x28 hpl/core/hpl_init.o
 .debug_macro   0x0000000000004252       0x2e hpl/core/hpl_init.o
 .debug_macro   0x0000000000004280      0x6ec hpl/core/hpl_init.o
 .debug_macro   0x000000000000496c      0x48b hpl/core/hpl_core_m0plus_base.o
 .debug_macro   0x0000000000004df7      0x43d hal/utils/src/utils_assert.o
 .debug_macro   0x0000000000005234       0x10 hal/utils/src/utils_assert.o
 .debug_macro   0x0000000000005244      0x473 hpl/pm/hpl_pm.o
 .debug_macro   0x00000000000056b7      0x44a hpl/gclk/hpl_gclk.o
 .debug_macro   0x0000000000005b01      0x1f3 hpl/gclk/hpl_gclk.o
 .debug_macro   0x0000000000005cf4      0x583 main.o
 .debug_macro   0x0000000000006277      0x479 gfx_mono/display_controller/ssd1306/ssd1306.o
 .debug_macro   0x00000000000066f0       0x22 gfx_mono/display_controller/ssd1306/ssd1306.o
 .debug_macro   0x0000000000006712      0x51d driver_init.o
 .debug_macro   0x0000000000006c2f      0x67b hpl/sercom/hpl_sercom.o
 .debug_macro   0x00000000000072aa       0x70 hpl/sercom/hpl_sercom.o
 .debug_macro   0x000000000000731a       0x94 hpl/sercom/hpl_sercom.o
 .debug_macro   0x00000000000073ae       0x10 hpl/sercom/hpl_sercom.o
 .debug_macro   0x00000000000073be       0x1c hpl/sercom/hpl_sercom.o
 .debug_macro   0x00000000000073da       0x22 hpl/sercom/hpl_sercom.o
 .debug_macro   0x00000000000073fc       0x10 hpl/sercom/hpl_sercom.o
 .debug_macro   0x000000000000740c      0x450 gfx_mono/fonts/gfx_mono_font_basic_6x7.o
 .debug_macro   0x000000000000785c       0x22 gfx_mono/fonts/gfx_mono_font_basic_6x7.o
 .debug_macro   0x000000000000787e      0x48f gfx_mono/display_controller/display_ctrl_mono.o
 .debug_macro   0x0000000000007d0d      0x582 atmel_start.o

.debug_line     0x0000000000000000    0x12a99
 .debug_line    0x0000000000000000      0x99c gfx_mono/display/ug2832hsweg04/ug2832hsweg04.o
 .debug_line    0x000000000000099c      0x978 gfx_mono/display/framebuffer.o
 .debug_line    0x0000000000001314      0xbef gfx_mono/display/display_mono.o
 .debug_line    0x0000000000001f03      0x5ba gcc/gcc/startup_samr21.o
 .debug_line    0x00000000000024bd      0x93f hpl/sysctrl/hpl_sysctrl.o
 .debug_line    0x0000000000002dfc      0xb5b hal/src/hal_spi_m_sync.o
 .debug_line    0x0000000000003957      0xbaa gfx_mono/gfx_mono_text.o
 .debug_line    0x0000000000004501      0xf7c gfx_mono/gfx_mono.o
 .debug_line    0x000000000000547d      0x810 hal/src/hal_delay.o
 .debug_line    0x0000000000005c8d      0xb89 gfx_mono_main.o
 .debug_line    0x0000000000006816      0x88c hpl/core/hpl_init.o
 .debug_line    0x00000000000070a2      0xac0 hpl/core/hpl_core_m0plus_base.o
 .debug_line    0x0000000000007b62      0x780 hal/utils/src/utils_assert.o
 .debug_line    0x00000000000082e2      0x8d9 hpl/pm/hpl_pm.o
 .debug_line    0x0000000000008bbb      0x843 hpl/gclk/hpl_gclk.o
 .debug_line    0x00000000000093fe      0xa3a main.o
 .debug_line    0x0000000000009e38      0xd25 gfx_mono/display_controller/ssd1306/ssd1306.o
 .debug_line    0x000000000000ab5d     0x1061 driver_init.o
 .debug_line    0x000000000000bbbe     0x5416 hpl/sercom/hpl_sercom.o
 .debug_line    0x0000000000010fd4      0x79d gfx_mono/fonts/gfx_mono_font_basic_6x7.o
 .debug_line    0x0000000000011771      0x904 gfx_mono/display_controller/display_ctrl_mono.o
 .debug_line    0x0000000000012075      0xa24 atmel_start.o

.debug_str      0x0000000000000000    0x768c5
 .debug_str     0x0000000000000000    0x6aad1 gfx_mono/display/ug2832hsweg04/ug2832hsweg04.o
                                      0x6afb0 (size before relaxing)
 .debug_str     0x000000000006aad1       0x92 gfx_mono/display/framebuffer.o
                                      0x6a7cc (size before relaxing)
 .debug_str     0x000000000006ab63       0x84 gfx_mono/display/display_mono.o
                                      0x6a761 (size before relaxing)
 .debug_str     0x000000000006abe7     0x10ba gcc/gcc/startup_samr21.o
                                      0x6a7c6 (size before relaxing)
 .debug_str     0x000000000006bca1     0x12c6 hpl/sysctrl/hpl_sysctrl.o
                                      0x6b7db (size before relaxing)
 .debug_str     0x000000000006cf67      0x85c hal/src/hal_spi_m_sync.o
                                      0x6ae96 (size before relaxing)
 .debug_str     0x000000000006d7c3      0x49d gfx_mono/gfx_mono_text.o
                                      0x6afef (size before relaxing)
 .debug_str     0x000000000006dc60      0x1b9 gfx_mono/gfx_mono.o
                                      0x6af02 (size before relaxing)
 .debug_str     0x000000000006de19       0xf5 hal/src/hal_delay.o
                                      0x6a566 (size before relaxing)
 .debug_str     0x000000000006df0e      0xaf8 gfx_mono_main.o
                                      0x6bf62 (size before relaxing)
 .debug_str     0x000000000006ea06     0x18c8 hpl/core/hpl_init.o
                                      0x6c044 (size before relaxing)
 .debug_str     0x00000000000702ce      0x329 hpl/core/hpl_core_m0plus_base.o
                                      0x6aefe (size before relaxing)
 .debug_str     0x00000000000705f7       0x2f hal/utils/src/utils_assert.o
                                      0x6a4f8 (size before relaxing)
 .debug_str     0x0000000000070626      0x3d4 hpl/pm/hpl_pm.o
                                      0x6aba6 (size before relaxing)
 .debug_str     0x00000000000709fa      0x887 hpl/gclk/hpl_gclk.o
                                      0x6addd (size before relaxing)
 .debug_str     0x0000000000071281       0x1b main.o
                                      0x6bbb8 (size before relaxing)
 .debug_str     0x000000000007129c      0x29c gfx_mono/display_controller/ssd1306/ssd1306.o
                                      0x6b14c (size before relaxing)
 .debug_str     0x0000000000071538      0xa9e driver_init.o
                                      0x6cda1 (size before relaxing)
 .debug_str     0x0000000000071fd6     0x4868 hpl/sercom/hpl_sercom.o
                                      0x6ffe2 (size before relaxing)
 .debug_str     0x000000000007683e       0x3d gfx_mono/fonts/gfx_mono_font_basic_6x7.o
                                      0x6aa58 (size before relaxing)
 .debug_str     0x000000000007687b       0x39 gfx_mono/display_controller/display_ctrl_mono.o
                                      0x6a9d3 (size before relaxing)
 .debug_str     0x00000000000768b4       0x11 atmel_start.o
                                      0x6b7a3 (size before relaxing)

.debug_frame    0x0000000000000000     0x1c78
 .debug_frame   0x0000000000000000      0x100 gfx_mono/display/ug2832hsweg04/ug2832hsweg04.o
 .debug_frame   0x0000000000000100       0xe8 gfx_mono/display/framebuffer.o
 .debug_frame   0x00000000000001e8      0x140 gfx_mono/display/display_mono.o
 .debug_frame   0x0000000000000328       0x3c gcc/gcc/startup_samr21.o
 .debug_frame   0x0000000000000364       0x30 hpl/sysctrl/hpl_sysctrl.o
 .debug_frame   0x0000000000000394      0x190 hal/src/hal_spi_m_sync.o
 .debug_frame   0x0000000000000524       0xc8 gfx_mono/gfx_mono_text.o
 .debug_frame   0x00000000000005ec      0x120 gfx_mono/gfx_mono.o
 .debug_frame   0x000000000000070c       0x68 hal/src/hal_delay.o
 .debug_frame   0x0000000000000774       0x44 gfx_mono_main.o
 .debug_frame   0x00000000000007b8       0x28 hpl/core/hpl_init.o
 .debug_frame   0x00000000000007e0       0xfc hpl/core/hpl_core_m0plus_base.o
 .debug_frame   0x00000000000008dc       0x20 hal/utils/src/utils_assert.o
 .debug_frame   0x00000000000008fc       0x40 hpl/pm/hpl_pm.o
 .debug_frame   0x000000000000093c       0x30 hpl/gclk/hpl_gclk.o
 .debug_frame   0x000000000000096c       0x2c main.o
 .debug_frame   0x0000000000000998      0x1d8 gfx_mono/display_controller/ssd1306/ssd1306.o
 .debug_frame   0x0000000000000b70       0x94 driver_init.o
 .debug_frame   0x0000000000000c04      0xf78 hpl/sercom/hpl_sercom.o
 .debug_frame   0x0000000000001b7c       0x40 gfx_mono/display_controller/display_ctrl_mono.o
 .debug_frame   0x0000000000001bbc       0x28 atmel_start.o
 .debug_frame   0x0000000000001be4       0x20 /opt/gcc-arm-none-eabi-9-2020-q2-update/bin/../lib/gcc/arm-none-eabi/9.3.1/thumb/v6-m/nofp/libgcc.a(_udivsi3.o)
 .debug_frame   0x0000000000001c04       0x2c /opt/gcc-arm-none-eabi-9-2020-q2-update/bin/../lib/gcc/arm-none-eabi/9.3.1/../../../../arm-none-eabi/lib/thumb/v6-m/nofp/libc_nano.a(lib_a-init.o)
 .debug_frame   0x0000000000001c30       0x28 /opt/gcc-arm-none-eabi-9-2020-q2-update/bin/../lib/gcc/arm-none-eabi/9.3.1/../../../../arm-none-eabi/lib/thumb/v6-m/nofp/libc_nano.a(lib_a-memcpy-stub.o)
 .debug_frame   0x0000000000001c58       0x20 /opt/gcc-arm-none-eabi-9-2020-q2-update/bin/../lib/gcc/arm-none-eabi/9.3.1/../../../../arm-none-eabi/lib/thumb/v6-m/nofp/libc_nano.a(lib_a-memset.o)
